Archive member included to satisfy reference by file (symbol)

/home/charlie/.config/Code/User/globalStorage/bmd.stm32-for-vscode/@xpack-dev-tools/arm-none-eabi-gcc/15.2.1-1.1.1/.content/bin/../lib/gcc/arm-none-eabi/15.2.1/../../../../arm-none-eabi/lib/thumb/v7e-m+fp/hard/libc_nano.a(libc_a-atexit.o)
                              /home/charlie/.config/Code/User/globalStorage/bmd.stm32-for-vscode/@xpack-dev-tools/arm-none-eabi-gcc/15.2.1-1.1.1/.content/bin/../lib/gcc/arm-none-eabi/15.2.1/../../../../arm-none-eabi/lib/thumb/v7e-m+fp/hard/crt0.o (atexit)
/home/charlie/.config/Code/User/globalStorage/bmd.stm32-for-vscode/@xpack-dev-tools/arm-none-eabi-gcc/15.2.1-1.1.1/.content/bin/../lib/gcc/arm-none-eabi/15.2.1/../../../../arm-none-eabi/lib/thumb/v7e-m+fp/hard/libc_nano.a(libc_a-exit.o)
                              /home/charlie/.config/Code/User/globalStorage/bmd.stm32-for-vscode/@xpack-dev-tools/arm-none-eabi-gcc/15.2.1-1.1.1/.content/bin/../lib/gcc/arm-none-eabi/15.2.1/../../../../arm-none-eabi/lib/thumb/v7e-m+fp/hard/crt0.o (exit)
/home/charlie/.config/Code/User/globalStorage/bmd.stm32-for-vscode/@xpack-dev-tools/arm-none-eabi-gcc/15.2.1-1.1.1/.content/bin/../lib/gcc/arm-none-eabi/15.2.1/../../../../arm-none-eabi/lib/thumb/v7e-m+fp/hard/libc_nano.a(libc_a-findfp.o)
                              /home/charlie/.config/Code/User/globalStorage/bmd.stm32-for-vscode/@xpack-dev-tools/arm-none-eabi-gcc/15.2.1-1.1.1/.content/bin/../lib/gcc/arm-none-eabi/15.2.1/../../../../arm-none-eabi/lib/thumb/v7e-m+fp/hard/libc_nano.a(libc_a-exit.o) (__stdio_exit_handler)
/home/charlie/.config/Code/User/globalStorage/bmd.stm32-for-vscode/@xpack-dev-tools/arm-none-eabi-gcc/15.2.1-1.1.1/.content/bin/../lib/gcc/arm-none-eabi/15.2.1/../../../../arm-none-eabi/lib/thumb/v7e-m+fp/hard/libc_nano.a(libc_a-fwalk.o)
                              /home/charlie/.config/Code/User/globalStorage/bmd.stm32-for-vscode/@xpack-dev-tools/arm-none-eabi-gcc/15.2.1-1.1.1/.content/bin/../lib/gcc/arm-none-eabi/15.2.1/../../../../arm-none-eabi/lib/thumb/v7e-m+fp/hard/libc_nano.a(libc_a-findfp.o) (_fwalk_sglue)
/home/charlie/.config/Code/User/globalStorage/bmd.stm32-for-vscode/@xpack-dev-tools/arm-none-eabi-gcc/15.2.1-1.1.1/.content/bin/../lib/gcc/arm-none-eabi/15.2.1/../../../../arm-none-eabi/lib/thumb/v7e-m+fp/hard/libc_nano.a(libc_a-stdio.o)
                              /home/charlie/.config/Code/User/globalStorage/bmd.stm32-for-vscode/@xpack-dev-tools/arm-none-eabi-gcc/15.2.1-1.1.1/.content/bin/../lib/gcc/arm-none-eabi/15.2.1/../../../../arm-none-eabi/lib/thumb/v7e-m+fp/hard/libc_nano.a(libc_a-findfp.o) (__sread)
/home/charlie/.config/Code/User/globalStorage/bmd.stm32-for-vscode/@xpack-dev-tools/arm-none-eabi-gcc/15.2.1-1.1.1/.content/bin/../lib/gcc/arm-none-eabi/15.2.1/../../../../arm-none-eabi/lib/thumb/v7e-m+fp/hard/libc_nano.a(libc_a-memset.o)
                              /home/charlie/.config/Code/User/globalStorage/bmd.stm32-for-vscode/@xpack-dev-tools/arm-none-eabi-gcc/15.2.1-1.1.1/.content/bin/../lib/gcc/arm-none-eabi/15.2.1/../../../../arm-none-eabi/lib/thumb/v7e-m+fp/hard/crt0.o (memset)
/home/charlie/.config/Code/User/globalStorage/bmd.stm32-for-vscode/@xpack-dev-tools/arm-none-eabi-gcc/15.2.1-1.1.1/.content/bin/../lib/gcc/arm-none-eabi/15.2.1/../../../../arm-none-eabi/lib/thumb/v7e-m+fp/hard/libc_nano.a(libc_a-closer.o)
                              /home/charlie/.config/Code/User/globalStorage/bmd.stm32-for-vscode/@xpack-dev-tools/arm-none-eabi-gcc/15.2.1-1.1.1/.content/bin/../lib/gcc/arm-none-eabi/15.2.1/../../../../arm-none-eabi/lib/thumb/v7e-m+fp/hard/libc_nano.a(libc_a-stdio.o) (_close_r)
/home/charlie/.config/Code/User/globalStorage/bmd.stm32-for-vscode/@xpack-dev-tools/arm-none-eabi-gcc/15.2.1-1.1.1/.content/bin/../lib/gcc/arm-none-eabi/15.2.1/../../../../arm-none-eabi/lib/thumb/v7e-m+fp/hard/libc_nano.a(libc_a-reent.o)
                              /home/charlie/.config/Code/User/globalStorage/bmd.stm32-for-vscode/@xpack-dev-tools/arm-none-eabi-gcc/15.2.1-1.1.1/.content/bin/../lib/gcc/arm-none-eabi/15.2.1/../../../../arm-none-eabi/lib/thumb/v7e-m+fp/hard/libc_nano.a(libc_a-closer.o) (errno)
/home/charlie/.config/Code/User/globalStorage/bmd.stm32-for-vscode/@xpack-dev-tools/arm-none-eabi-gcc/15.2.1-1.1.1/.content/bin/../lib/gcc/arm-none-eabi/15.2.1/../../../../arm-none-eabi/lib/thumb/v7e-m+fp/hard/libc_nano.a(libc_a-impure.o)
                              /home/charlie/.config/Code/User/globalStorage/bmd.stm32-for-vscode/@xpack-dev-tools/arm-none-eabi-gcc/15.2.1-1.1.1/.content/bin/../lib/gcc/arm-none-eabi/15.2.1/../../../../arm-none-eabi/lib/thumb/v7e-m+fp/hard/libc_nano.a(libc_a-reent.o) (_impure_ptr)
/home/charlie/.config/Code/User/globalStorage/bmd.stm32-for-vscode/@xpack-dev-tools/arm-none-eabi-gcc/15.2.1-1.1.1/.content/bin/../lib/gcc/arm-none-eabi/15.2.1/../../../../arm-none-eabi/lib/thumb/v7e-m+fp/hard/libc_nano.a(libc_a-lseekr.o)
[...]
Memory Configuration

Name             Origin             Length             Attributes
RAM              0x20000000         0x00008000         xrw
FLASH            0x08000000         0x00020000         xr
*default*        0x00000000         0xffffffff

Linker script and memory map

LOAD /home/charlie/.config/Code/User/globalStorage/bmd.stm32-for-vscode/@xpack-dev-tools/arm-none-eabi-gcc/15.2.1-1.1.1/.content/bin/../lib/gcc/arm-none-eabi/15.2.1/thumb/v7e-m+fp/hard/crti.o
LOAD /home/charlie/.config/Code/User/globalStorage/bmd.stm32-for-vscode/@xpack-dev-tools/arm-none-eabi-gcc/15.2.1-1.1.1/.content/bin/../lib/gcc/arm-none-eabi/15.2.1/thumb/v7e-m+fp/hard/crtbegin.o
LOAD /home/charlie/.config/Code/User/globalStorage/bmd.stm32-for-vscode/@xpack-dev-tools/arm-none-eabi-gcc/15.2.1-1.1.1/.content/bin/../lib/gcc/arm-none-eabi/15.2.1/../../../../arm-none-eabi/lib/thumb/v7e-m+fp/hard/crt0.o
LOAD build/debug/cable-lock.o
LOAD build/debug/main.o
LOAD build/debug/stm32g4xx_hal.o
LOAD build/debug/stm32g4xx_hal_cortex.o
LOAD build/debug/stm32g4xx_hal_dma.o
LOAD build/debug/stm32g4xx_hal_dma_ex.o
LOAD build/debug/stm32g4xx_hal_exti.o
LOAD build/debug/stm32g4xx_hal_flash.o
LOAD build/debug/stm32g4xx_hal_flash_ex.o
LOAD build/debug/stm32g4xx_hal_flash_ramfunc.o
LOAD build/debug/stm32g4xx_hal_gpio.o
LOAD build/debug/stm32g4xx_hal_msp.o
LOAD build/debug/stm32g4xx_hal_pwr.o
LOAD build/debug/stm32g4xx_hal_pwr_ex.o
LOAD build/debug/stm32g4xx_hal_rcc.o
LOAD build/debug/stm32g4xx_hal_rcc_ex.o
LOAD build/debug/stm32g4xx_it.o
LOAD build/debug/syscalls.o
LOAD build/debug/sysmem.o
LOAD build/debug/system_stm32g4xx.o
LOAD build/debug/startup_stm32g431xx.o
LOAD /home/charlie/.config/Code/User/globalStorage/bmd.stm32-for-vscode/@xpack-dev-tools/arm-none-eabi-gcc/15.2.1-1.1.1/.content/bin/../lib/gcc/arm-none-eabi/15.2.1/../../../../arm-none-eabi/lib/thumb/v7e-m+fp/hard/libc_nano.a
LOAD /home/charlie/.config/Code/User/globalStorage/bmd.stm32-for-vscode/@xpack-dev-tools/arm-none-eabi-gcc/15.2.1-1.1.1/.content/bin/../lib/gcc/arm-none-eabi/15.2.1/../../../../arm-none-eabi/lib/thumb/v7e-m+fp/hard/libm.a
LOAD /home/charlie/.config/Code/User/globalStorage/bmd.stm32-for-vscode/@xpack-dev-tools/arm-none-eabi-gcc/15.2.1-1.1.1/.content/bin/../lib/gcc/arm-none-eabi/15.2.1/../../../../arm-none-eabi/lib/thumb/v7e-m+fp/hard/libnosys.a
START GROUP
LOAD /home/charlie/.config/Code/User/globalStorage/bmd.stm32-for-vscode/@xpack-dev-tools/arm-none-eabi-gcc/15.2.1-1.1.1/.content/bin/../lib/gcc/arm-none-eabi/15.2.1/thumb/v7e-m+fp/hard/libgcc.a
LOAD /home/charlie/.config/Code/User/globalStorage/bmd.stm32-for-vscode/@xpack-dev-tools/arm-none-eabi-gcc/15.2.1-1.1.1/.content/bin/../lib/gcc/arm-none-eabi/15.2.1/../../../../arm-none-eabi/lib/thumb/v7e-m+fp/hard/libc_nano.a
END GROUP
START GROUP
LOAD /home/charlie/.config/Code/User/globalStorage/bmd.stm32-for-vscode/@xpack-dev-tools/arm-none-eabi-gcc/15.2.1-1.1.1/.content/bin/../lib/gcc/arm-none-eabi/15.2.1/thumb/v7e-m+fp/hard/libgcc.a
LOAD /home/charlie/.config/Code/User/globalStorage/bmd.stm32-for-vscode/@xpack-dev-tools/arm-none-eabi-gcc/15.2.1-1.1.1/.content/bin/../lib/gcc/arm-none-eabi/15.2.1/../../../../arm-none-eabi/lib/thumb/v7e-m+fp/hard/libc_nano.a
END GROUP
LOAD /home/charlie/.config/Code/User/globalStorage/bmd.stm32-for-vscode/@xpack-dev-tools/arm-none-eabi-gcc/15.2.1-1.1.1/.content/bin/../lib/gcc/arm-none-eabi/15.2.1/thumb/v7e-m+fp/hard/crtend.o
LOAD /home/charlie/.config/Code/User/globalStorage/bmd.stm32-for-vscode/@xpack-dev-tools/arm-none-eabi-gcc/15.2.1-1.1.1/.content/bin/../lib/gcc/arm-none-eabi/15.2.1/thumb/v7e-m+fp/hard/crtn.o
                0x20008000                        _estack = (ORIGIN (RAM) + LENGTH (RAM))
                0x20007c00                        _sstack = (_estack - _Min_Stack_Size)
                0x00000200                        _Min_Heap_Size = 0x200
                0x00000400                        _Min_Stack_Size = 0x400

.isr_vector     0x08000000      0x1d8
                0x08000000                        . = ALIGN (0x4)
 *(.isr_vector)
 .isr_vector    0x08000000      0x1d8 build/debug/startup_stm32g431xx.o
                0x08000000                g_pfnVectors
                0x080001d8                        . = ALIGN (0x4)

.text           0x080001d8     0x10c0
                0x080001d8                        . = ALIGN (0x4)
 *(.text)
 *(.text*)
 .text.__do_global_dtors_aux
                0x080001d8       0x28 /home/charlie/.config/Code/User/globalStorage/bmd.stm32-for-vscode/@xpack-dev-tools/arm-none-eabi-gcc/15.2.1-1.1.1/.content/bin/../lib/gcc/arm-none-eabi/15.2.1/thumb/v7e-m+fp/hard/crtbegin.o
 .text.frame_dummy
                0x08000200       0x1c /home/charlie/.config/Code/User/globalStorage/bmd.stm32-for-vscode/@xpack-dev-tools/arm-none-eabi-gcc/15.2.1-1.1.1/.content/bin/../lib/gcc/arm-none-eabi/15.2.1/thumb/v7e-m+fp/hard/crtbegin.o
 .text.cable_lock
                0x0800021c      0x140 build/debug/cable-lock.o
                0x0800021c                cable_lock
 .text.MX_GPIO_Init
                0x0800035c       0xcc build/debug/main.o
 .text.Error_Handler
                0x08000428        0x4 build/debug/main.o
                0x08000428                Error_Handler
 .text.SystemClock_Config
                0x0800042c       0x60 build/debug/main.o
                0x0800042c                SystemClock_Config
 .text.main     0x0800048c       0x14 build/debug/main.o
                0x0800048c                main
 .text.HAL_InitTick
                0x080004a0       0x50 build/debug/stm32g4xx_hal.o
                0x080004a0                HAL_InitTick
 .text.HAL_Init
                0x080004f0       0x20 build/debug/stm32g4xx_hal.o
                0x080004f0                HAL_Init
 .text.HAL_IncTick
                0x08000510       0x18 build/debug/stm32g4xx_hal.o
                0x08000510                HAL_IncTick
 .text.HAL_GetTick
                0x08000528        0xc build/debug/stm32g4xx_hal.o
                0x08000528                HAL_GetTick
 .text.HAL_Delay
                0x08000534       0x28 build/debug/stm32g4xx_hal.o
                0x08000534                HAL_Delay
 .text.__NVIC_SetPriority
                0x0800055c       0x28 build/debug/stm32g4xx_hal_cortex.o
 .text.NVIC_EncodePriority
                0x08000584       0x46 build/debug/stm32g4xx_hal_cortex.o
 *fill*         0x080005ca        0x2 
 .text.HAL_NVIC_SetPriorityGrouping
                0x080005cc       0x24 build/debug/stm32g4xx_hal_cortex.o
                0x080005cc                HAL_NVIC_SetPriorityGrouping
 .text.HAL_NVIC_SetPriority
                0x080005f0       0x20 build/debug/stm32g4xx_hal_cortex.o
                0x080005f0                HAL_NVIC_SetPriority
 .text.HAL_SYSTICK_Config
                0x08000610       0x28 build/debug/stm32g4xx_hal_cortex.o
                0x08000610                HAL_SYSTICK_Config
 .text.HAL_GPIO_Init
                0x08000638      0x1f4 build/debug/stm32g4xx_hal_gpio.o
                0x08000638                HAL_GPIO_Init
 .text.HAL_GPIO_ReadPin
                0x0800082c        0xe build/debug/stm32g4xx_hal_gpio.o
                0x0800082c                HAL_GPIO_ReadPin
 .text.HAL_GPIO_WritePin
                0x0800083a        0xa build/debug/stm32g4xx_hal_gpio.o
                0x0800083a                HAL_GPIO_WritePin
 .text.HAL_MspInit
                0x08000844       0x38 build/debug/stm32g4xx_hal_msp.o
                0x08000844                HAL_MspInit
 .text.HAL_PWR_EnableWakeUpPin
                0x0800087c       0x20 build/debug/stm32g4xx_hal_pwr.o
                0x0800087c                HAL_PWR_EnableWakeUpPin
 .text.HAL_PWR_EnterSTANDBYMode
                0x0800089c       0x24 build/debug/stm32g4xx_hal_pwr.o
                0x0800089c                HAL_PWR_EnterSTANDBYMode
 .text.HAL_PWREx_ControlVoltageScaling
                0x080008c0      0x10c build/debug/stm32g4xx_hal_pwr_ex.o
                0x080008c0                HAL_PWREx_ControlVoltageScaling
 .text.HAL_PWREx_DisableUCPDDeadBattery
                0x080009cc       0x10 build/debug/stm32g4xx_hal_pwr_ex.o
                0x080009cc                HAL_PWREx_DisableUCPDDeadBattery
 .text.RCC_GetSysClockFreqFromPLLSource
                0x080009dc       0x58 build/debug/stm32g4xx_hal_rcc.o
 .text.HAL_RCC_OscConfig
                0x08000a34      0x4e8 build/debug/stm32g4xx_hal_rcc.o
                0x08000a34                HAL_RCC_OscConfig
 .text.HAL_RCC_GetSysClockFreq
                0x08000f1c       0x88 build/debug/stm32g4xx_hal_rcc.o
                0x08000f1c                HAL_RCC_GetSysClockFreq
 .text.HAL_RCC_ClockConfig
                0x08000fa4      0x204 build/debug/stm32g4xx_hal_rcc.o
                0x08000fa4                HAL_RCC_ClockConfig
 .text.NMI_Handler
                0x080011a8        0x2 build/debug/stm32g4xx_it.o
                0x080011a8                NMI_Handler
 .text.HardFault_Handler
                0x080011aa        0x2 build/debug/stm32g4xx_it.o
                0x080011aa                HardFault_Handler
 .text.MemManage_Handler
                0x080011ac        0x2 build/debug/stm32g4xx_it.o
                0x080011ac                MemManage_Handler
 .text.BusFault_Handler
                0x080011ae        0x2 build/debug/stm32g4xx_it.o
                0x080011ae                BusFault_Handler
 .text.UsageFault_Handler
                0x080011b0        0x2 build/debug/stm32g4xx_it.o
                0x080011b0                UsageFault_Handler
 .text.SVC_Handler
                0x080011b2        0x2 build/debug/stm32g4xx_it.o
                0x080011b2                SVC_Handler
 .text.DebugMon_Handler
                0x080011b4        0x2 build/debug/stm32g4xx_it.o
                0x080011b4                DebugMon_Handler
 .text.PendSV_Handler
                0x080011b6        0x2 build/debug/stm32g4xx_it.o
                0x080011b6                PendSV_Handler
 .text.SysTick_Handler
                0x080011b8        0x8 build/debug/stm32g4xx_it.o
                0x080011b8                SysTick_Handler
 .text.SystemInit
                0x080011c0       0x14 build/debug/system_stm32g4xx.o
                0x080011c0                SystemInit
 .text.Reset_Handler
                0x080011d4       0x50 build/debug/startup_stm32g431xx.o
                0x080011d4                Reset_Handler
 .text.Default_Handler
                0x08001224        0x2 build/debug/startup_stm32g431xx.o
                0x08001224                RTC_Alarm_IRQHandler
                0x08001224                EXTI2_IRQHandler
                0x08001224                TIM8_TRG_COM_IRQHandler
                0x08001224                TIM8_CC_IRQHandler
                0x08001224                TIM1_CC_IRQHandler
                0x08001224                USB_HP_IRQHandler
                0x08001224                CORDIC_IRQHandler
                0x08001224                EXTI3_IRQHandler
                0x08001224                I2C3_ER_IRQHandler
                0x08001224                EXTI0_IRQHandler
                0x08001224                I2C2_EV_IRQHandler
                0x08001224                FPU_IRQHandler
                0x08001224                FDCAN1_IT1_IRQHandler
                0x08001224                TIM1_UP_TIM16_IRQHandler
                0x08001224                ADC1_2_IRQHandler
                0x08001224                SPI1_IRQHandler
                0x08001224                TIM6_DAC_IRQHandler
                0x08001224                TIM8_UP_IRQHandler
                0x08001224                DMA2_Channel2_IRQHandler
                0x08001224                DMA1_Channel4_IRQHandler
                0x08001224                USART3_IRQHandler
                0x08001224                TIM4_IRQHandler
                0x08001224                DMA2_Channel1_IRQHandler
                0x08001224                I2C1_EV_IRQHandler
                0x08001224                DMA1_Channel6_IRQHandler
                0x08001224                UART4_IRQHandler
                0x08001224                DMA2_Channel4_IRQHandler
                0x08001224                TIM3_IRQHandler
                0x08001224                RCC_IRQHandler
                0x08001224                DMA1_Channel1_IRQHandler
                0x08001224                Default_Handler
                0x08001224                RTC_TAMP_LSECSS_IRQHandler
                0x08001224                FMAC_IRQHandler
                0x08001224                EXTI15_10_IRQHandler
                0x08001224                TIM7_IRQHandler
                0x08001224                UCPD1_IRQHandler
                0x08001224                I2C3_EV_IRQHandler
                0x08001224                EXTI9_5_IRQHandler
                0x08001224                RTC_WKUP_IRQHandler
                0x08001224                PVD_PVM_IRQHandler
                0x08001224                SPI2_IRQHandler
                0x08001224                DMA2_Channel5_IRQHandler
                0x08001224                CRS_IRQHandler
                0x08001224                DMA1_Channel5_IRQHandler
                0x08001224                USB_LP_IRQHandler
                0x08001224                EXTI4_IRQHandler
                0x08001224                RNG_IRQHandler
                0x08001224                TIM1_TRG_COM_TIM17_IRQHandler
                0x08001224                DMA1_Channel3_IRQHandler
                0x08001224                WWDG_IRQHandler
                0x08001224                LPUART1_IRQHandler
                0x08001224                DMA2_Channel6_IRQHandler
                0x08001224                FDCAN1_IT0_IRQHandler
                0x08001224                TIM2_IRQHandler
                0x08001224                COMP1_2_3_IRQHandler
                0x08001224                EXTI1_IRQHandler
                0x08001224                USART2_IRQHandler
                0x08001224                I2C2_ER_IRQHandler
                0x08001224                DMA1_Channel2_IRQHandler
                0x08001224                TIM8_BRK_IRQHandler
                0x08001224                FLASH_IRQHandler
                0x08001224                USART1_IRQHandler
                0x08001224                SPI3_IRQHandler
                0x08001224                I2C1_ER_IRQHandler
                0x08001224                LPTIM1_IRQHandler
                0x08001224                DMAMUX_OVR_IRQHandler
                0x08001224                USBWakeUp_IRQHandler
                0x08001224                SAI1_IRQHandler
                0x08001224                DMA2_Channel3_IRQHandler
                0x08001224                COMP4_IRQHandler
                0x08001224                TIM1_BRK_TIM15_IRQHandler
 .text.memset   0x08001226       0x10 /home/charlie/.config/Code/User/globalStorage/bmd.stm32-for-vscode/@xpack-dev-tools/arm-none-eabi-gcc/15.2.1-1.1.1/.content/bin/../lib/gcc/arm-none-eabi/15.2.1/../../../../arm-none-eabi/lib/thumb/v7e-m+fp/hard/libc_nano.a(libc_a-memset.o)
                0x08001226                memset
 *fill*         0x08001236        0x2 
 .text.__libc_init_array
                0x08001238       0x48 /home/charlie/.config/Code/User/globalStorage/bmd.stm32-for-vscode/@xpack-dev-tools/arm-none-eabi-gcc/15.2.1-1.1.1/.content/bin/../lib/gcc/arm-none-eabi/15.2.1/../../../../arm-none-eabi/lib/thumb/v7e-m+fp/hard/libc_nano.a(libc_a-init.o)
                0x08001238                __libc_init_array
 *(.glue_7)
 .glue_7        0x08001280        0x0 linker stubs
 *(.glue_7t)
 .glue_7t       0x08001280        0x0 linker stubs
 *(.eh_frame)
 .eh_frame      0x08001280        0x0 /home/charlie/.config/Code/User/globalStorage/bmd.stm32-for-vscode/@xpack-dev-tools/arm-none-eabi-gcc/15.2.1-1.1.1/.content/bin/../lib/gcc/arm-none-eabi/15.2.1/thumb/v7e-m+fp/hard/crtbegin.o
 *(.init)
 .init          0x08001280        0x4 /home/charlie/.config/Code/User/globalStorage/bmd.stm32-for-vscode/@xpack-dev-tools/arm-none-eabi-gcc/15.2.1-1.1.1/.content/bin/../lib/gcc/arm-none-eabi/15.2.1/thumb/v7e-m+fp/hard/crti.o
                0x08001280                _init
 .init          0x08001284        0x8 /home/charlie/.config/Code/User/globalStorage/bmd.stm32-for-vscode/@xpack-dev-tools/arm-none-eabi-gcc/15.2.1-1.1.1/.content/bin/../lib/gcc/arm-none-eabi/15.2.1/thumb/v7e-m+fp/hard/crtn.o
 *(.fini)
 .fini          0x0800128c        0x4 /home/charlie/.config/Code/User/globalStorage/bmd.stm32-for-vscode/@xpack-dev-tools/arm-none-eabi-gcc/15.2.1-1.1.1/.content/bin/../lib/gcc/arm-none-eabi/15.2.1/thumb/v7e-m+fp/hard/crti.o
                0x0800128c                _fini
 .fini          0x08001290        0x8 /home/charlie/.config/Code/User/globalStorage/bmd.stm32-for-vscode/@xpack-dev-tools/arm-none-eabi-gcc/15.2.1-1.1.1/.content/bin/../lib/gcc/arm-none-eabi/15.2.1/thumb/v7e-m+fp/hard/crtn.o
                0x08001298                        . = ALIGN (0x4)
                0x08001298                        _etext = .

.vfp11_veneer   0x08001298        0x0
 .vfp11_veneer  0x08001298        0x0 linker stubs

.v4_bx          0x08001298        0x0
 .v4_bx         0x08001298        0x0 linker stubs

.iplt           0x08001298        0x0
 .iplt          0x08001298        0x0 /home/charlie/.config/Code/User/globalStorage/bmd.stm32-for-vscode/@xpack-dev-tools/arm-none-eabi-gcc/15.2.1-1.1.1/.content/bin/../lib/gcc/arm-none-eabi/15.2.1/thumb/v7e-m+fp/hard/crtbegin.o

.rodata         0x08001298       0x10
                0x08001298                        . = ALIGN (0x4)
 *(.rodata)
 *(.rodata*)
 .rodata.AHBPrescTable
                0x08001298       0x10 build/debug/system_stm32g4xx.o
                0x08001298                AHBPrescTable
                0x080012a8                        . = ALIGN (0x4)

.ARM.extab      0x080012a8        0x0
                0x080012a8                        . = ALIGN (0x4)
 *(.ARM.extab* .gnu.linkonce.armextab.*)
                0x080012a8                        . = ALIGN (0x4)

.ARM            0x080012a8        0x0
                0x080012a8                        . = ALIGN (0x4)
                0x080012a8                        __exidx_start = .
 *(.ARM.exidx*)
                0x080012a8                        __exidx_end = .
                0x080012a8                        . = ALIGN (0x4)

.preinit_array  0x080012a8        0x0
                0x080012a8                        . = ALIGN (0x4)
                0x080012a8                        PROVIDE (__preinit_array_start = .)
 *(.preinit_array*)
                0x080012a8                        PROVIDE (__preinit_array_end = .)
                0x080012a8                        . = ALIGN (0x4)

.init_array     0x080012a8        0x4
                0x080012a8                        . = ALIGN (0x4)
                0x080012a8                        PROVIDE (__init_array_start = .)
 *(SORT_BY_NAME(.init_array.*))
 *(.init_array*)
 .init_array    0x080012a8        0x4 /home/charlie/.config/Code/User/globalStorage/bmd.stm32-for-vscode/@xpack-dev-tools/arm-none-eabi-gcc/15.2.1-1.1.1/.content/bin/../lib/gcc/arm-none-eabi/15.2.1/thumb/v7e-m+fp/hard/crtbegin.o
                0x080012ac                        PROVIDE (__init_array_end = .)
                0x080012ac                        . = ALIGN (0x4)

.fini_array     0x080012ac        0x4
                0x080012ac                        . = ALIGN (0x4)
                0x080012ac                        PROVIDE (__fini_array_start = .)
 *(SORT_BY_NAME(.fini_array.*))
 *(.fini_array*)
 .fini_array    0x080012ac        0x4 /home/charlie/.config/Code/User/globalStorage/bmd.stm32-for-vscode/@xpack-dev-tools/arm-none-eabi-gcc/15.2.1-1.1.1/.content/bin/../lib/gcc/arm-none-eabi/15.2.1/thumb/v7e-m+fp/hard/crtbegin.o
                0x080012b0                        PROVIDE (__fini_array_end = .)
                0x080012b0                        . = ALIGN (0x4)
                0x080012b0                        _sidata = LOADADDR (.data)

.rel.dyn        0x080012b0        0x0
 .rel.iplt      0x080012b0        0x0 /home/charlie/.config/Code/User/globalStorage/bmd.stm32-for-vscode/@xpack-dev-tools/arm-none-eabi-gcc/15.2.1-1.1.1/.content/bin/../lib/gcc/arm-none-eabi/15.2.1/thumb/v7e-m+fp/hard/crtbegin.o

.data           0x20000000        0xc load address 0x080012b0
                0x20000000                        . = ALIGN (0x4)
                0x20000000                        _sdata = .
 *(.data)
 *(.data*)
 .data.uwTickFreq
                0x20000000        0x4 build/debug/stm32g4xx_hal.o
                0x20000000                uwTickFreq
 .data.uwTickPrio
                0x20000004        0x4 build/debug/stm32g4xx_hal.o
                0x20000004                uwTickPrio
 .data.SystemCoreClock
                0x20000008        0x4 build/debug/system_stm32g4xx.o
                0x20000008                SystemCoreClock
 *(.RamFunc)
 *(.RamFunc*)
                0x2000000c                        . = ALIGN (0x4)
                0x2000000c                        _edata = .

.igot.plt       0x2000000c        0x0 load address 0x080012bc
 .igot.plt      0x2000000c        0x0 /home/charlie/.config/Code/User/globalStorage/bmd.stm32-for-vscode/@xpack-dev-tools/arm-none-eabi-gcc/15.2.1-1.1.1/.content/bin/../lib/gcc/arm-none-eabi/15.2.1/thumb/v7e-m+fp/hard/crtbegin.o
                0x2000000c                        . = ALIGN (0x4)

.bss            0x2000000c       0x20 load address 0x080012bc
                0x2000000c                        _sbss = .
                0x2000000c                        __bss_start__ = _sbss
 *(.bss)
 *(.bss*)
 .bss.completed.1
                0x2000000c        0x1 /home/charlie/.config/Code/User/globalStorage/bmd.stm32-for-vscode/@xpack-dev-tools/arm-none-eabi-gcc/15.2.1-1.1.1/.content/bin/../lib/gcc/arm-none-eabi/15.2.1/thumb/v7e-m+fp/hard/crtbegin.o
 *fill*         0x2000000d        0x3 
 .bss.object.0  0x20000010       0x18 /home/charlie/.config/Code/User/globalStorage/bmd.stm32-for-vscode/@xpack-dev-tools/arm-none-eabi-gcc/15.2.1-1.1.1/.content/bin/../lib/gcc/arm-none-eabi/15.2.1/thumb/v7e-m+fp/hard/crtbegin.o
 .bss.uwTick    0x20000028        0x4 build/debug/stm32g4xx_hal.o
                0x20000028                uwTick
 *(COMMON)
                0x2000002c                        . = ALIGN (0x4)
                0x2000002c                        _ebss = .
                0x2000002c                        __bss_end__ = _ebss

._user_heap_stack
                0x2000002c      0x604 load address 0x080012bc
                0x20000030                        . = ALIGN (0x8)
 *fill*         0x2000002c        0x4 
                [!provide]                        PROVIDE (end = .)
                0x20000030                        PROVIDE (_end = .)
                0x20000230                        . = (. + _Min_Heap_Size)
 *fill*         0x20000030      0x200 
                0x20000630                        . = (. + _Min_Stack_Size)
 *fill*         0x20000230      0x400 
                0x20000630                        . = ALIGN (0x8)

/DISCARD/
 libc.a(*)
 libm.a(*)
 libgcc.a(*)
OUTPUT(build/debug/cable-lock.elf elf32-littlearm)
LOAD linker stubs
LOAD /home/charlie/.config/Code/User/globalStorage/bmd.stm32-for-vscode/@xpack-dev-tools/arm-none-eabi-gcc/15.2.1-1.1.1/.content/bin/../lib/gcc/arm-none-eabi/15.2.1/../../../../arm-none-eabi/lib/thumb/v7e-m+fp/hard/libc.a
LOAD /home/charlie/.config/Code/User/globalStorage/bmd.stm32-for-vscode/@xpack-dev-tools/arm-none-eabi-gcc/15.2.1-1.1.1/.content/bin/../lib/gcc/arm-none-eabi/15.2.1/../../../../arm-none-eabi/lib/thumb/v7e-m+fp/hard/libm.a
LOAD /home/charlie/.config/Code/User/globalStorage/bmd.stm32-for-vscode/@xpack-dev-tools/arm-none-eabi-gcc/15.2.1-1.1.1/.content/bin/../lib/gcc/arm-none-eabi/15.2.1/thumb/v7e-m+fp/hard/libgcc.a

.ARM.attributes
                0x00000000       0x30
 .ARM.attributes
                0x00000000       0x22 /home/charlie/.config/Code/User/globalStorage/bmd.stm32-for-vscode/@xpack-dev-tools/arm-none-eabi-gcc/15.2.1-1.1.1/.content/bin/../lib/gcc/arm-none-eabi/15.2.1/thumb/v7e-m+fp/hard/crti.o
 .ARM.attributes
                0x00000022       0x34 /home/charlie/.config/Code/User/globalStorage/bmd.stm32-for-vscode/@xpack-dev-tools/arm-none-eabi-gcc/15.2.1-1.1.1/.content/bin/../lib/gcc/arm-none-eabi/15.2.1/thumb/v7e-m+fp/hard/crtbegin.o
 .ARM.attributes
                0x00000056       0x34 build/debug/cable-lock.o
 .ARM.attributes
                0x0000008a       0x34 build/debug/main.o
 .ARM.attributes
                0x000000be       0x34 build/debug/stm32g4xx_hal.o
 .ARM.attributes
                0x000000f2       0x34 build/debug/stm32g4xx_hal_cortex.o
 .ARM.attributes
                0x00000126       0x34 build/debug/stm32g4xx_hal_gpio.o
 .ARM.attributes
                0x0000015a       0x34 build/debug/stm32g4xx_hal_msp.o
 .ARM.attributes
                0x0000018e       0x34 build/debug/stm32g4xx_hal_pwr.o
 .ARM.attributes
                0x000001c2       0x34 build/debug/stm32g4xx_hal_pwr_ex.o
 .ARM.attributes
                0x000001f6       0x34 build/debug/stm32g4xx_hal_rcc.o
 .ARM.attributes
                0x0000022a       0x34 build/debug/stm32g4xx_it.o
 .ARM.attributes
                0x0000025e       0x34 build/debug/system_stm32g4xx.o
 .ARM.attributes
                0x00000292       0x21 build/debug/startup_stm32g431xx.o
 .ARM.attributes
                0x000002b3       0x34 /home/charlie/.config/Code/User/globalStorage/bmd.stm32-for-vscode/@xpack-dev-tools/arm-none-eabi-gcc/15.2.1-1.1.1/.content/bin/../lib/gcc/arm-none-eabi/15.2.1/../../../../arm-none-eabi/lib/thumb/v7e-m+fp/hard/libc_nano.a(libc_a-memset.o)
 .ARM.attributes
                0x000002e7       0x34 /home/charlie/.config/Code/User/globalStorage/bmd.stm32-for-vscode/@xpack-dev-tools/arm-none-eabi-gcc/15.2.1-1.1.1/.content/bin/../lib/gcc/arm-none-eabi/15.2.1/../../../../arm-none-eabi/lib/thumb/v7e-m+fp/hard/libc_nano.a(libc_a-init.o)
 .ARM.attributes
                0x0000031b       0x22 /home/charlie/.config/Code/User/globalStorage/bmd.stm32-for-vscode/@xpack-dev-tools/arm-none-eabi-gcc/15.2.1-1.1.1/.content/bin/../lib/gcc/arm-none-eabi/15.2.1/thumb/v7e-m+fp/hard/crtn.o

.comment        0x00000000       0x39
 .comment       0x00000000       0x39 /home/charlie/.config/Code/User/globalStorage/bmd.stm32-for-vscode/@xpack-dev-tools/arm-none-eabi-gcc/15.2.1-1.1.1/.content/bin/../lib/gcc/arm-none-eabi/15.2.1/thumb/v7e-m+fp/hard/crtbegin.o
                                 0x3a (size before relaxing)
 .comment       0x00000039        0x0 build/debug/cable-lock.o
                                 0x3a (size before relaxing)
 .comment       0x00000039        0x0 build/debug/main.o
                                 0x3a (size before relaxing)
 .comment       0x00000039        0x0 build/debug/stm32g4xx_hal.o
                                 0x3a (size before relaxing)
 .comment       0x00000039        0x0 build/debug/stm32g4xx_hal_cortex.o
                                 0x3a (size before relaxing)
 .comment       0x00000039        0x0 build/debug/stm32g4xx_hal_gpio.o
                                 0x3a (size before relaxing)
 .comment       0x00000039        0x0 build/debug/stm32g4xx_hal_msp.o
                                 0x3a (size before relaxing)
 .comment       0x00000039        0x0 build/debug/stm32g4xx_hal_pwr.o
                                 0x3a (size before relaxing)
 .comment       0x00000039        0x0 build/debug/stm32g4xx_hal_pwr_ex.o
                                 0x3a (size before relaxing)
 .comment       0x00000039        0x0 build/debug/stm32g4xx_hal_rcc.o
                                 0x3a (size before relaxing)
 .comment       0x00000039        0x0 build/debug/stm32g4xx_it.o
                                 0x3a (size before relaxing)
 .comment       0x00000039        0x0 build/debug/system_stm32g4xx.o
                                 0x3a (size before relaxing)
 .comment       0x00000039        0x0 /home/charlie/.config/Code/User/globalStorage/bmd.stm32-for-vscode/@xpack-dev-tools/arm-none-eabi-gcc/15.2.1-1.1.1/.content/bin/../lib/gcc/arm-none-eabi/15.2.1/../../../../arm-none-eabi/lib/thumb/v7e-m+fp/hard/libc_nano.a(libc_a-memset.o)
                                 0x3a (size before relaxing)
 .comment       0x00000039        0x0 /home/charlie/.config/Code/User/globalStorage/bmd.stm32-for-vscode/@xpack-dev-tools/arm-none-eabi-gcc/15.2.1-1.1.1/.content/bin/../lib/gcc/arm-none-eabi/15.2.1/../../../../arm-none-eabi/lib/thumb/v7e-m+fp/hard/libc_nano.a(libc_a-init.o)
                                 0x3a (size before relaxing)

.debug_info     0x00000000     0x5c84
 .debug_info    0x00000000      0x657 build/debug/cable-lock.o
 .debug_info    0x00000657      0x807 build/debug/main.o
 .debug_info    0x00000e5e      0xb94 build/debug/stm32g4xx_hal.o
 .debug_info    0x000019f2      0xfad build/debug/stm32g4xx_hal_cortex.o
 .debug_info    0x0000299f      0x7a9 build/debug/stm32g4xx_hal_gpio.o
 .debug_info    0x00003148      0x2e8 build/debug/stm32g4xx_hal_msp.o
 .debug_info    0x00003430      0x994 build/debug/stm32g4xx_hal_pwr.o
 .debug_info    0x00003dc4      0x9c7 build/debug/stm32g4xx_hal_pwr_ex.o
 .debug_info    0x0000478b      0xdff build/debug/stm32g4xx_hal_rcc.o
 .debug_info    0x0000558a      0x122 build/debug/stm32g4xx_it.o
 .debug_info    0x000056ac      0x5a8 build/debug/system_stm32g4xx.o
 .debug_info    0x00005c54       0x30 build/debug/startup_stm32g431xx.o

.debug_abbrev   0x00000000     0x1547
 .debug_abbrev  0x00000000      0x183 build/debug/cable-lock.o
 .debug_abbrev  0x00000183      0x22f build/debug/main.o
 .debug_abbrev  0x000003b2      0x283 build/debug/stm32g4xx_hal.o
 .debug_abbrev  0x00000635      0x396 build/debug/stm32g4xx_hal_cortex.o
 .debug_abbrev  0x000009cb      0x206 build/debug/stm32g4xx_hal_gpio.o
 .debug_abbrev  0x00000bd1       0xdd build/debug/stm32g4xx_hal_msp.o
 .debug_abbrev  0x00000cae      0x1cf build/debug/stm32g4xx_hal_pwr.o
 .debug_abbrev  0x00000e7d      0x24f build/debug/stm32g4xx_hal_pwr_ex.o
 .debug_abbrev  0x000010cc      0x2b1 build/debug/stm32g4xx_hal_rcc.o
 .debug_abbrev  0x0000137d       0x82 build/debug/stm32g4xx_it.o
 .debug_abbrev  0x000013ff      0x124 build/debug/system_stm32g4xx.o
 .debug_abbrev  0x00001523       0x24 build/debug/startup_stm32g431xx.o

.debug_loclists
                0x00000000     0x177f
 .debug_loclists
                0x00000000       0x2c build/debug/cable-lock.o
 .debug_loclists
                0x0000002c      0x14d build/debug/stm32g4xx_hal.o
 .debug_loclists
                0x00000179      0x4f8 build/debug/stm32g4xx_hal_cortex.o
 .debug_loclists
                0x00000671      0x29f build/debug/stm32g4xx_hal_gpio.o
 .debug_loclists
                0x00000910      0x147 build/debug/stm32g4xx_hal_pwr.o
 .debug_loclists
                0x00000a57      0x720 build/debug/stm32g4xx_hal_pwr_ex.o
 .debug_loclists
                0x00001177      0x5a3 build/debug/stm32g4xx_hal_rcc.o
 .debug_loclists
                0x0000171a       0x65 build/debug/system_stm32g4xx.o

.debug_aranges  0x00000000      0x628
 .debug_aranges
                0x00000000       0x20 build/debug/cable-lock.o
 .debug_aranges
                0x00000020       0x38 build/debug/main.o
 .debug_aranges
                0x00000058      0x148 build/debug/stm32g4xx_hal.o
 .debug_aranges
                0x000001a0       0xf0 build/debug/stm32g4xx_hal_cortex.o
 .debug_aranges
                0x00000290       0x58 build/debug/stm32g4xx_hal_gpio.o
 .debug_aranges
                0x000002e8       0x20 build/debug/stm32g4xx_hal_msp.o
 .debug_aranges
                0x00000308       0x98 build/debug/stm32g4xx_hal_pwr.o
 .debug_aranges
                0x000003a0      0x140 build/debug/stm32g4xx_hal_pwr_ex.o
 .debug_aranges
                0x000004e0       0x98 build/debug/stm32g4xx_hal_rcc.o
 .debug_aranges
                0x00000578       0x60 build/debug/stm32g4xx_it.o
 .debug_aranges
                0x000005d8       0x28 build/debug/system_stm32g4xx.o
 .debug_aranges
                0x00000600       0x28 build/debug/startup_stm32g431xx.o

.debug_rnglists
                0x00000000      0x48f
 .debug_rnglists
                0x00000000       0x21 build/debug/cable-lock.o
 .debug_rnglists
                0x00000021       0x26 build/debug/main.o
 .debug_rnglists
                0x00000047       0xf1 build/debug/stm32g4xx_hal.o
 .debug_rnglists
                0x00000138       0xaf build/debug/stm32g4xx_hal_cortex.o
 .debug_rnglists
                0x000001e7       0x3f build/debug/stm32g4xx_hal_gpio.o
 .debug_rnglists
                0x00000226       0x13 build/debug/stm32g4xx_hal_msp.o
 .debug_rnglists
                0x00000239       0x6e build/debug/stm32g4xx_hal_pwr.o
 .debug_rnglists
                0x000002a7       0xf1 build/debug/stm32g4xx_hal_pwr_ex.o
 .debug_rnglists
                0x00000398       0x81 build/debug/stm32g4xx_hal_rcc.o
 .debug_rnglists
                0x00000419       0x43 build/debug/stm32g4xx_it.o
 .debug_rnglists
                0x0000045c       0x1a build/debug/system_stm32g4xx.o
 .debug_rnglists
                0x00000476       0x19 build/debug/startup_stm32g431xx.o

.debug_line     0x00000000     0x4382
 .debug_line    0x00000000      0x2d8 build/debug/cable-lock.o
 .debug_line    0x000002d8      0x41d build/debug/main.o
 .debug_line    0x000006f5      0x769 build/debug/stm32g4xx_hal.o
 .debug_line    0x00000e5e      0x8a4 build/debug/stm32g4xx_hal_cortex.o
 .debug_line    0x00001702      0x737 build/debug/stm32g4xx_hal_gpio.o
 .debug_line    0x00001e39      0x228 build/debug/stm32g4xx_hal_msp.o
 .debug_line    0x00002061      0x493 build/debug/stm32g4xx_hal_pwr.o
 .debug_line    0x000024f4      0xada build/debug/stm32g4xx_hal_pwr_ex.o
 .debug_line    0x00002fce      0xf2a build/debug/stm32g4xx_hal_rcc.o
 .debug_line    0x00003ef8      0x13d build/debug/stm32g4xx_it.o
 .debug_line    0x00004035      0x2d6 build/debug/system_stm32g4xx.o
 .debug_line    0x0000430b       0x77 build/debug/startup_stm32g431xx.o

.debug_str      0x00000000     0x1f5d
 .debug_str     0x00000000     0x1f5d build/debug/cable-lock.o
                                0x304 (size before relaxing)
 .debug_str     0x00001f5d        0x0 build/debug/main.o
                                0x5b6 (size before relaxing)
 .debug_str     0x00001f5d        0x0 build/debug/stm32g4xx_hal.o
                                0xc5a (size before relaxing)
 .debug_str     0x00001f5d        0x0 build/debug/stm32g4xx_hal_cortex.o
                                0xbb0 (size before relaxing)
 .debug_str     0x00001f5d        0x0 build/debug/stm32g4xx_hal_gpio.o
                                0x52e (size before relaxing)
 .debug_str     0x00001f5d        0x0 build/debug/stm32g4xx_hal_msp.o
                                0x31c (size before relaxing)
 .debug_str     0x00001f5d        0x0 build/debug/stm32g4xx_hal_pwr.o
                                0x68f (size before relaxing)
 .debug_str     0x00001f5d        0x0 build/debug/stm32g4xx_hal_pwr_ex.o
                                0x7d0 (size before relaxing)
 .debug_str     0x00001f5d        0x0 build/debug/stm32g4xx_hal_rcc.o
                                0x81d (size before relaxing)
 .debug_str     0x00001f5d        0x0 build/debug/stm32g4xx_it.o
                                0x219 (size before relaxing)
 .debug_str     0x00001f5d        0x0 build/debug/system_stm32g4xx.o
                                0x3b5 (size before relaxing)
 .debug_str     0x00001f5d        0x0 build/debug/startup_stm32g431xx.o
                                 0x68 (size before relaxing)

.debug_frame    0x00000000      0xc48
 .debug_frame   0x00000000       0x28 build/debug/cable-lock.o
 .debug_frame   0x00000028       0x84 build/debug/main.o
 .debug_frame   0x000000ac      0x2a4 build/debug/stm32g4xx_hal.o
 .debug_frame   0x00000350      0x204 build/debug/stm32g4xx_hal_cortex.o
 .debug_frame   0x00000554       0xd0 build/debug/stm32g4xx_hal_gpio.o
 .debug_frame   0x00000624       0x2c build/debug/stm32g4xx_hal_msp.o
 .debug_frame   0x00000650      0x120 build/debug/stm32g4xx_hal_pwr.o
 .debug_frame   0x00000770      0x268 build/debug/stm32g4xx_hal_pwr_ex.o
 .debug_frame   0x000009d8      0x198 build/debug/stm32g4xx_hal_rcc.o
 .debug_frame   0x00000b70       0xa8 build/debug/stm32g4xx_it.o
 .debug_frame   0x00000c18       0x30 build/debug/system_stm32g4xx.o

.debug_line_str
                0x00000000       0x4c
 .debug_line_str
                0x00000000       0x4c build/debug/startup_stm32g431xx.o

Cross Reference Table

Symbol                                            File
ADC1_2_IRQHandler                                 build/debug/startup_stm32g431xx.o
AHBPrescTable                                     build/debug/system_stm32g4xx.o
                                                  build/debug/stm32g4xx_hal_rcc.o
APBPrescTable                                     build/debug/system_stm32g4xx.o
                                                  build/debug/stm32g4xx_hal_rcc.o
BusFault_Handler                                  build/debug/stm32g4xx_it.o
COMP1_2_3_IRQHandler                              build/debug/startup_stm32g431xx.o
COMP4_IRQHandler                                  build/debug/startup_stm32g431xx.o
CORDIC_IRQHandler                                 build/debug/startup_stm32g431xx.o
CRS_IRQHandler                                    build/debug/startup_stm32g431xx.o
DMA1_Channel1_IRQHandler                          build/debug/startup_stm32g431xx.o
DMA1_Channel2_IRQHandler                          build/debug/startup_stm32g431xx.o
DMA1_Channel3_IRQHandler                          build/debug/startup_stm32g431xx.o
DMA1_Channel4_IRQHandler                          build/debug/startup_stm32g431xx.o
DMA1_Channel5_IRQHandler                          build/debug/startup_stm32g431xx.o
DMA1_Channel6_IRQHandler                          build/debug/startup_stm32g431xx.o
DMA2_Channel1_IRQHandler                          build/debug/startup_stm32g431xx.o
DMA2_Channel2_IRQHandler                          build/debug/startup_stm32g431xx.o
DMA2_Channel3_IRQHandler                          build/debug/startup_stm32g431xx.o
DMA2_Channel4_IRQHandler                          build/debug/startup_stm32g431xx.o
DMA2_Channel5_IRQHandler                          build/debug/startup_stm32g431xx.o
DMA2_Channel6_IRQHandler                          build/debug/startup_stm32g431xx.o
DMAMUX_OVR_IRQHandler                             build/debug/startup_stm32g431xx.o
DebugMon_Handler                                  build/debug/stm32g4xx_it.o
Default_Handler                                   build/debug/startup_stm32g431xx.o
EXTI0_IRQHandler                                  build/debug/startup_stm32g431xx.o
EXTI15_10_IRQHandler                              build/debug/startup_stm32g431xx.o
EXTI1_IRQHandler                                  build/debug/startup_stm32g431xx.o
EXTI2_IRQHandler                                  build/debug/startup_stm32g431xx.o
EXTI3_IRQHandler                                  build/debug/startup_stm32g431xx.o
EXTI4_IRQHandler                                  build/debug/startup_stm32g431xx.o
EXTI9_5_IRQHandler                                build/debug/startup_stm32g431xx.o
Error_Handler                                     build/debug/main.o
FDCAN1_IT0_IRQHandler                             build/debug/startup_stm32g431xx.o
FDCAN1_IT1_IRQHandler                             build/debug/startup_stm32g431xx.o
FLASH_FlushCaches                                 build/debug/stm32g4xx_hal_flash_ex.o
                                                  build/debug/stm32g4xx_hal_flash.o
FLASH_IRQHandler                                  build/debug/startup_stm32g431xx.o
FLASH_PageErase                                   build/debug/stm32g4xx_hal_flash_ex.o
                                                  build/debug/stm32g4xx_hal_flash.o
FLASH_WaitForLastOperation                        build/debug/stm32g4xx_hal_flash.o
                                                  build/debug/stm32g4xx_hal_flash_ex.o
FMAC_IRQHandler                                   build/debug/startup_stm32g431xx.o
FPU_IRQHandler                                    build/debug/startup_stm32g431xx.o
HAL_DBGMCU_DisableDBGSleepMode                    build/debug/stm32g4xx_hal.o
HAL_DBGMCU_DisableDBGStandbyMode                  build/debug/stm32g4xx_hal.o
HAL_DBGMCU_DisableDBGStopMode                     build/debug/stm32g4xx_hal.o
HAL_DBGMCU_EnableDBGSleepMode                     build/debug/stm32g4xx_hal.o
HAL_DBGMCU_EnableDBGStandbyMode                   build/debug/stm32g4xx_hal.o
HAL_DBGMCU_EnableDBGStopMode                      build/debug/stm32g4xx_hal.o
HAL_DMAEx_ConfigMuxRequestGenerator               build/debug/stm32g4xx_hal_dma_ex.o
HAL_DMAEx_ConfigMuxSync                           build/debug/stm32g4xx_hal_dma_ex.o
HAL_DMAEx_DisableMuxRequestGenerator              build/debug/stm32g4xx_hal_dma_ex.o
HAL_DMAEx_EnableMuxRequestGenerator               build/debug/stm32g4xx_hal_dma_ex.o
HAL_DMAEx_MUX_IRQHandler                          build/debug/stm32g4xx_hal_dma_ex.o
HAL_DMA_Abort                                     build/debug/stm32g4xx_hal_dma.o
HAL_DMA_Abort_IT                                  build/debug/stm32g4xx_hal_dma.o
HAL_DMA_DeInit                                    build/debug/stm32g4xx_hal_dma.o
HAL_DMA_GetError                                  build/debug/stm32g4xx_hal_dma.o
HAL_DMA_GetState                                  build/debug/stm32g4xx_hal_dma.o
HAL_DMA_IRQHandler                                build/debug/stm32g4xx_hal_dma.o
HAL_DMA_Init                                      build/debug/stm32g4xx_hal_dma.o
HAL_DMA_PollForTransfer                           build/debug/stm32g4xx_hal_dma.o
HAL_DMA_RegisterCallback                          build/debug/stm32g4xx_hal_dma.o
HAL_DMA_Start                                     build/debug/stm32g4xx_hal_dma.o
HAL_DMA_Start_IT                                  build/debug/stm32g4xx_hal_dma.o
HAL_DMA_UnRegisterCallback                        build/debug/stm32g4xx_hal_dma.o
HAL_DeInit                                        build/debug/stm32g4xx_hal.o
HAL_Delay                                         build/debug/stm32g4xx_hal.o
                                                  build/debug/cable-lock.o
HAL_EXTI_ClearConfigLine                          build/debug/stm32g4xx_hal_exti.o
HAL_EXTI_ClearPending                             build/debug/stm32g4xx_hal_exti.o
HAL_EXTI_GenerateSWI                              build/debug/stm32g4xx_hal_exti.o
HAL_EXTI_GetConfigLine                            build/debug/stm32g4xx_hal_exti.o
HAL_EXTI_GetHandle                                build/debug/stm32g4xx_hal_exti.o
HAL_EXTI_GetPending                               build/debug/stm32g4xx_hal_exti.o
HAL_EXTI_IRQHandler                               build/debug/stm32g4xx_hal_exti.o
HAL_EXTI_RegisterCallback                         build/debug/stm32g4xx_hal_exti.o
HAL_EXTI_SetConfigLine                            build/debug/stm32g4xx_hal_exti.o
HAL_FLASHEx_DisableDebugger                       build/debug/stm32g4xx_hal_flash_ex.o
HAL_FLASHEx_DisableRunPowerDown                   build/debug/stm32g4xx_hal_flash_ramfunc.o
HAL_FLASHEx_EnableDebugger                        build/debug/stm32g4xx_hal_flash_ex.o
HAL_FLASHEx_EnableRunPowerDown                    build/debug/stm32g4xx_hal_flash_ramfunc.o
HAL_FLASHEx_EnableSecMemProtection                build/debug/stm32g4xx_hal_flash_ex.o
HAL_FLASHEx_Erase                                 build/debug/stm32g4xx_hal_flash_ex.o
HAL_FLASHEx_Erase_IT                              build/debug/stm32g4xx_hal_flash_ex.o
HAL_FLASHEx_OBGetConfig                           build/debug/stm32g4xx_hal_flash_ex.o
HAL_FLASHEx_OBProgram                             build/debug/stm32g4xx_hal_flash_ex.o
HAL_FLASH_EndOfOperationCallback                  build/debug/stm32g4xx_hal_flash.o
HAL_FLASH_GetError                                build/debug/stm32g4xx_hal_flash.o
HAL_FLASH_IRQHandler                              build/debug/stm32g4xx_hal_flash.o
HAL_FLASH_Lock                                    build/debug/stm32g4xx_hal_flash.o
HAL_FLASH_OB_Launch                               build/debug/stm32g4xx_hal_flash.o
HAL_FLASH_OB_Lock                                 build/debug/stm32g4xx_hal_flash.o
HAL_FLASH_OB_Unlock                               build/debug/stm32g4xx_hal_flash.o
HAL_FLASH_OperationErrorCallback                  build/debug/stm32g4xx_hal_flash.o
HAL_FLASH_Program                                 build/debug/stm32g4xx_hal_flash.o
HAL_FLASH_Program_IT                              build/debug/stm32g4xx_hal_flash.o
HAL_FLASH_Unlock                                  build/debug/stm32g4xx_hal_flash.o
HAL_GPIO_DeInit                                   build/debug/stm32g4xx_hal_gpio.o
HAL_GPIO_EXTI_Callback                            build/debug/stm32g4xx_hal_gpio.o
HAL_GPIO_EXTI_IRQHandler                          build/debug/stm32g4xx_hal_gpio.o
HAL_GPIO_Init                                     build/debug/stm32g4xx_hal_gpio.o
                                                  build/debug/stm32g4xx_hal_rcc_ex.o
                                                  build/debug/stm32g4xx_hal_rcc.o
                                                  build/debug/main.o
HAL_GPIO_LockPin                                  build/debug/stm32g4xx_hal_gpio.o
HAL_GPIO_ReadPin                                  build/debug/stm32g4xx_hal_gpio.o
                                                  build/debug/cable-lock.o
HAL_GPIO_TogglePin                                build/debug/stm32g4xx_hal_gpio.o
HAL_GPIO_WritePin                                 build/debug/stm32g4xx_hal_gpio.o
                                                  build/debug/main.o
                                                  build/debug/cable-lock.o
HAL_GetDEVID                                      build/debug/stm32g4xx_hal.o
HAL_GetHalVersion                                 build/debug/stm32g4xx_hal.o
HAL_GetREVID                                      build/debug/stm32g4xx_hal.o
HAL_GetTick                                       build/debug/stm32g4xx_hal.o
                                                  build/debug/stm32g4xx_hal_rcc_ex.o
                                                  build/debug/stm32g4xx_hal_rcc.o
                                                  build/debug/stm32g4xx_hal_flash.o
                                                  build/debug/stm32g4xx_hal_dma.o
                                                  build/debug/cable-lock.o
HAL_GetTickFreq                                   build/debug/stm32g4xx_hal.o
HAL_GetTickPrio                                   build/debug/stm32g4xx_hal.o
HAL_GetUIDw0                                      build/debug/stm32g4xx_hal.o
HAL_GetUIDw1                                      build/debug/stm32g4xx_hal.o
HAL_GetUIDw2                                      build/debug/stm32g4xx_hal.o
HAL_IncTick                                       build/debug/stm32g4xx_hal.o
                                                  build/debug/stm32g4xx_it.o
HAL_Init                                          build/debug/stm32g4xx_hal.o
                                                  build/debug/main.o
HAL_InitTick                                      build/debug/stm32g4xx_hal.o
                                                  build/debug/stm32g4xx_hal_rcc.o
HAL_MPU_ConfigRegion                              build/debug/stm32g4xx_hal_cortex.o
HAL_MPU_Disable                                   build/debug/stm32g4xx_hal_cortex.o
HAL_MPU_DisableRegion                             build/debug/stm32g4xx_hal_cortex.o
HAL_MPU_Enable                                    build/debug/stm32g4xx_hal_cortex.o
HAL_MPU_EnableRegion                              build/debug/stm32g4xx_hal_cortex.o
HAL_MspDeInit                                     build/debug/stm32g4xx_hal.o
HAL_MspInit                                       build/debug/stm32g4xx_hal_msp.o
                                                  build/debug/stm32g4xx_hal.o
HAL_NVIC_ClearPendingIRQ                          build/debug/stm32g4xx_hal_cortex.o
HAL_NVIC_DisableIRQ                               build/debug/stm32g4xx_hal_cortex.o
HAL_NVIC_EnableIRQ                                build/debug/stm32g4xx_hal_cortex.o
HAL_NVIC_GetActive                                build/debug/stm32g4xx_hal_cortex.o
HAL_NVIC_GetPendingIRQ                            build/debug/stm32g4xx_hal_cortex.o
HAL_NVIC_GetPriority                              build/debug/stm32g4xx_hal_cortex.o
HAL_NVIC_GetPriorityGrouping                      build/debug/stm32g4xx_hal_cortex.o
HAL_NVIC_SetPendingIRQ                            build/debug/stm32g4xx_hal_cortex.o
HAL_NVIC_SetPriority                              build/debug/stm32g4xx_hal_cortex.o
                                                  build/debug/stm32g4xx_hal.o
HAL_NVIC_SetPriorityGrouping                      build/debug/stm32g4xx_hal_cortex.o
                                                  build/debug/stm32g4xx_hal.o
HAL_NVIC_SystemReset                              build/debug/stm32g4xx_hal_cortex.o
HAL_PWREx_ConfigPVM                               build/debug/stm32g4xx_hal_pwr_ex.o
HAL_PWREx_ControlVoltageScaling                   build/debug/stm32g4xx_hal_pwr_ex.o
                                                  build/debug/main.o
HAL_PWREx_DisableBatteryCharging                  build/debug/stm32g4xx_hal_pwr_ex.o
HAL_PWREx_DisableGPIOPullDown                     build/debug/stm32g4xx_hal_pwr_ex.o
HAL_PWREx_DisableGPIOPullUp                       build/debug/stm32g4xx_hal_pwr_ex.o
HAL_PWREx_DisableInternalWakeUpLine               build/debug/stm32g4xx_hal_pwr_ex.o
HAL_PWREx_DisableLowPowerRunMode                  build/debug/stm32g4xx_hal_pwr_ex.o
                                                  build/debug/stm32g4xx_hal_pwr.o
HAL_PWREx_DisablePVM1                             build/debug/stm32g4xx_hal_pwr_ex.o
HAL_PWREx_DisablePVM2                             build/debug/stm32g4xx_hal_pwr_ex.o
HAL_PWREx_DisablePVM3                             build/debug/stm32g4xx_hal_pwr_ex.o
HAL_PWREx_DisablePVM4                             build/debug/stm32g4xx_hal_pwr_ex.o
HAL_PWREx_DisablePullUpPullDownConfig             build/debug/stm32g4xx_hal_pwr_ex.o
HAL_PWREx_DisableSRAM2ContentRetention            build/debug/stm32g4xx_hal_pwr_ex.o
HAL_PWREx_DisableUCPDDeadBattery                  build/debug/stm32g4xx_hal_pwr_ex.o
                                                  build/debug/stm32g4xx_hal_msp.o
HAL_PWREx_DisableUCPDStandbyMode                  build/debug/stm32g4xx_hal_pwr_ex.o
HAL_PWREx_EnableBatteryCharging                   build/debug/stm32g4xx_hal_pwr_ex.o
HAL_PWREx_EnableGPIOPullDown                      build/debug/stm32g4xx_hal_pwr_ex.o
HAL_PWREx_EnableGPIOPullUp                        build/debug/stm32g4xx_hal_pwr_ex.o
HAL_PWREx_EnableInternalWakeUpLine                build/debug/stm32g4xx_hal_pwr_ex.o
HAL_PWREx_EnableLowPowerRunMode                   build/debug/stm32g4xx_hal_pwr_ex.o
                                                  build/debug/stm32g4xx_hal_pwr.o
HAL_PWREx_EnablePVM1                              build/debug/stm32g4xx_hal_pwr_ex.o
HAL_PWREx_EnablePVM2                              build/debug/stm32g4xx_hal_pwr_ex.o
HAL_PWREx_EnablePVM3                              build/debug/stm32g4xx_hal_pwr_ex.o
HAL_PWREx_EnablePVM4                              build/debug/stm32g4xx_hal_pwr_ex.o
HAL_PWREx_EnablePullUpPullDownConfig              build/debug/stm32g4xx_hal_pwr_ex.o
HAL_PWREx_EnableSRAM2ContentRetention             build/debug/stm32g4xx_hal_pwr_ex.o
HAL_PWREx_EnableUCPDDeadBattery                   build/debug/stm32g4xx_hal_pwr_ex.o
HAL_PWREx_EnableUCPDStandbyMode                   build/debug/stm32g4xx_hal_pwr_ex.o
HAL_PWREx_EnterSHUTDOWNMode                       build/debug/stm32g4xx_hal_pwr_ex.o
HAL_PWREx_EnterSTOP0Mode                          build/debug/stm32g4xx_hal_pwr_ex.o
                                                  build/debug/stm32g4xx_hal_pwr.o
HAL_PWREx_EnterSTOP1Mode                          build/debug/stm32g4xx_hal_pwr_ex.o
                                                  build/debug/stm32g4xx_hal_pwr.o
HAL_PWREx_GetVoltageRange                         build/debug/stm32g4xx_hal_pwr_ex.o
HAL_PWREx_PVD_PVM_IRQHandler                      build/debug/stm32g4xx_hal_pwr_ex.o
HAL_PWREx_PVM1Callback                            build/debug/stm32g4xx_hal_pwr_ex.o
HAL_PWREx_PVM2Callback                            build/debug/stm32g4xx_hal_pwr_ex.o
HAL_PWREx_PVM3Callback                            build/debug/stm32g4xx_hal_pwr_ex.o
HAL_PWREx_PVM4Callback                            build/debug/stm32g4xx_hal_pwr_ex.o
HAL_PWR_ConfigPVD                                 build/debug/stm32g4xx_hal_pwr.o
HAL_PWR_DeInit                                    build/debug/stm32g4xx_hal_pwr.o
HAL_PWR_DisableBkUpAccess                         build/debug/stm32g4xx_hal_pwr.o
                                                  build/debug/stm32g4xx_hal_rcc_ex.o
HAL_PWR_DisablePVD                                build/debug/stm32g4xx_hal_pwr.o
HAL_PWR_DisableSEVOnPend                          build/debug/stm32g4xx_hal_pwr.o
HAL_PWR_DisableSleepOnExit                        build/debug/stm32g4xx_hal_pwr.o
HAL_PWR_DisableWakeUpPin                          build/debug/stm32g4xx_hal_pwr.o
HAL_PWR_EnableBkUpAccess                          build/debug/stm32g4xx_hal_pwr.o
                                                  build/debug/stm32g4xx_hal_rcc_ex.o
HAL_PWR_EnablePVD                                 build/debug/stm32g4xx_hal_pwr.o
HAL_PWR_EnableSEVOnPend                           build/debug/stm32g4xx_hal_pwr.o
HAL_PWR_EnableSleepOnExit                         build/debug/stm32g4xx_hal_pwr.o
HAL_PWR_EnableWakeUpPin                           build/debug/stm32g4xx_hal_pwr.o
                                                  build/debug/cable-lock.o
HAL_PWR_EnterSLEEPMode                            build/debug/stm32g4xx_hal_pwr.o
HAL_PWR_EnterSTANDBYMode                          build/debug/stm32g4xx_hal_pwr.o
                                                  build/debug/cable-lock.o
HAL_PWR_EnterSTOPMode                             build/debug/stm32g4xx_hal_pwr.o
HAL_PWR_PVDCallback                               build/debug/stm32g4xx_hal_pwr.o
                                                  build/debug/stm32g4xx_hal_pwr_ex.o
HAL_RCCEx_CRSConfig                               build/debug/stm32g4xx_hal_rcc_ex.o
HAL_RCCEx_CRSGetSynchronizationInfo               build/debug/stm32g4xx_hal_rcc_ex.o
HAL_RCCEx_CRSSoftwareSynchronizationGenerate      build/debug/stm32g4xx_hal_rcc_ex.o
HAL_RCCEx_CRSWaitSynchronization                  build/debug/stm32g4xx_hal_rcc_ex.o
HAL_RCCEx_CRS_ErrorCallback                       build/debug/stm32g4xx_hal_rcc_ex.o
HAL_RCCEx_CRS_ExpectedSyncCallback                build/debug/stm32g4xx_hal_rcc_ex.o
HAL_RCCEx_CRS_IRQHandler                          build/debug/stm32g4xx_hal_rcc_ex.o
HAL_RCCEx_CRS_SyncOkCallback                      build/debug/stm32g4xx_hal_rcc_ex.o
HAL_RCCEx_CRS_SyncWarnCallback                    build/debug/stm32g4xx_hal_rcc_ex.o
HAL_RCCEx_DisableLSCO                             build/debug/stm32g4xx_hal_rcc_ex.o
HAL_RCCEx_DisableLSECSS                           build/debug/stm32g4xx_hal_rcc_ex.o
HAL_RCCEx_EnableLSCO                              build/debug/stm32g4xx_hal_rcc_ex.o
HAL_RCCEx_EnableLSECSS                            build/debug/stm32g4xx_hal_rcc_ex.o
HAL_RCCEx_EnableLSECSS_IT                         build/debug/stm32g4xx_hal_rcc_ex.o
HAL_RCCEx_GetPeriphCLKConfig                      build/debug/stm32g4xx_hal_rcc_ex.o
HAL_RCCEx_GetPeriphCLKFreq                        build/debug/stm32g4xx_hal_rcc_ex.o
HAL_RCCEx_LSECSS_Callback                         build/debug/stm32g4xx_hal_rcc_ex.o
HAL_RCCEx_LSECSS_IRQHandler                       build/debug/stm32g4xx_hal_rcc_ex.o
HAL_RCCEx_PeriphCLKConfig                         build/debug/stm32g4xx_hal_rcc_ex.o
HAL_RCC_CSSCallback                               build/debug/stm32g4xx_hal_rcc.o
HAL_RCC_ClockConfig                               build/debug/stm32g4xx_hal_rcc.o
                                                  build/debug/main.o
HAL_RCC_DeInit                                    build/debug/stm32g4xx_hal_rcc.o
HAL_RCC_DisableLSECSS                             build/debug/stm32g4xx_hal_rcc.o
HAL_RCC_EnableCSS                                 build/debug/stm32g4xx_hal_rcc.o
HAL_RCC_EnableLSECSS                              build/debug/stm32g4xx_hal_rcc.o
HAL_RCC_GetClockConfig                            build/debug/stm32g4xx_hal_rcc.o
HAL_RCC_GetHCLKFreq                               build/debug/stm32g4xx_hal_rcc.o
HAL_RCC_GetOscConfig                              build/debug/stm32g4xx_hal_rcc.o
HAL_RCC_GetPCLK1Freq                              build/debug/stm32g4xx_hal_rcc.o
                                                  build/debug/stm32g4xx_hal_rcc_ex.o
HAL_RCC_GetPCLK2Freq                              build/debug/stm32g4xx_hal_rcc.o
                                                  build/debug/stm32g4xx_hal_rcc_ex.o
HAL_RCC_GetSysClockFreq                           build/debug/stm32g4xx_hal_rcc.o
                                                  build/debug/stm32g4xx_hal_rcc_ex.o
HAL_RCC_MCOConfig                                 build/debug/stm32g4xx_hal_rcc.o
HAL_RCC_NMI_IRQHandler                            build/debug/stm32g4xx_hal_rcc.o
HAL_RCC_OscConfig                                 build/debug/stm32g4xx_hal_rcc.o
                                                  build/debug/main.o
HAL_ResumeTick                                    build/debug/stm32g4xx_hal.o
HAL_SYSCFG_CCMSRAMErase                           build/debug/stm32g4xx_hal.o
HAL_SYSCFG_CCMSRAM_WriteProtectionEnable          build/debug/stm32g4xx_hal.o
HAL_SYSCFG_DisableIOSwitchBooster                 build/debug/stm32g4xx_hal.o
HAL_SYSCFG_DisableIOSwitchVDD                     build/debug/stm32g4xx_hal.o
HAL_SYSCFG_DisableMemorySwappingBank              build/debug/stm32g4xx_hal.o
HAL_SYSCFG_DisableVREFBUF                         build/debug/stm32g4xx_hal.o
HAL_SYSCFG_EnableIOSwitchBooster                  build/debug/stm32g4xx_hal.o
HAL_SYSCFG_EnableIOSwitchVDD                      build/debug/stm32g4xx_hal.o
HAL_SYSCFG_EnableMemorySwappingBank               build/debug/stm32g4xx_hal.o
HAL_SYSCFG_EnableVREFBUF                          build/debug/stm32g4xx_hal.o
HAL_SYSCFG_VREFBUF_HighImpedanceConfig            build/debug/stm32g4xx_hal.o
HAL_SYSCFG_VREFBUF_TrimmingConfig                 build/debug/stm32g4xx_hal.o
HAL_SYSCFG_VREFBUF_VoltageScalingConfig           build/debug/stm32g4xx_hal.o
HAL_SYSTICK_CLKSourceConfig                       build/debug/stm32g4xx_hal_cortex.o
HAL_SYSTICK_Callback                              build/debug/stm32g4xx_hal_cortex.o
HAL_SYSTICK_Config                                build/debug/stm32g4xx_hal_cortex.o
                                                  build/debug/stm32g4xx_hal.o
HAL_SYSTICK_IRQHandler                            build/debug/stm32g4xx_hal_cortex.o
HAL_SetTickFreq                                   build/debug/stm32g4xx_hal.o
HAL_SuspendTick                                   build/debug/stm32g4xx_hal.o
HardFault_Handler                                 build/debug/stm32g4xx_it.o
I2C1_ER_IRQHandler                                build/debug/startup_stm32g431xx.o
I2C1_EV_IRQHandler                                build/debug/startup_stm32g431xx.o
I2C2_ER_IRQHandler                                build/debug/startup_stm32g431xx.o
I2C2_EV_IRQHandler                                build/debug/startup_stm32g431xx.o
I2C3_ER_IRQHandler                                build/debug/startup_stm32g431xx.o
I2C3_EV_IRQHandler                                build/debug/startup_stm32g431xx.o
LPTIM1_IRQHandler                                 build/debug/startup_stm32g431xx.o
LPUART1_IRQHandler                                build/debug/startup_stm32g431xx.o
MemManage_Handler                                 build/debug/stm32g4xx_it.o
NMI_Handler                                       build/debug/stm32g4xx_it.o
PVD_PVM_IRQHandler                                build/debug/startup_stm32g431xx.o
PendSV_Handler                                    build/debug/stm32g4xx_it.o
RCC_IRQHandler                                    build/debug/startup_stm32g431xx.o
RNG_IRQHandler                                    build/debug/startup_stm32g431xx.o
RTC_Alarm_IRQHandler                              build/debug/startup_stm32g431xx.o
RTC_TAMP_LSECSS_IRQHandler                        build/debug/startup_stm32g431xx.o
RTC_WKUP_IRQHandler                               build/debug/startup_stm32g431xx.o
Reset_Handler                                     build/debug/startup_stm32g431xx.o
SAI1_IRQHandler                                   build/debug/startup_stm32g431xx.o
SPI1_IRQHandler                                   build/debug/startup_stm32g431xx.o
SPI2_IRQHandler                                   build/debug/startup_stm32g431xx.o
SPI3_IRQHandler                                   build/debug/startup_stm32g431xx.o
SVC_Handler                                       build/debug/stm32g4xx_it.o
SysTick_Handler                                   build/debug/stm32g4xx_it.o
SystemClock_Config                                build/debug/main.o
SystemCoreClock                                   build/debug/system_stm32g4xx.o
                                                  build/debug/stm32g4xx_hal_rcc.o
                                                  build/debug/stm32g4xx_hal_pwr_ex.o
                                                  build/debug/stm32g4xx_hal.o
SystemCoreClockUpdate                             build/debug/system_stm32g4xx.o
SystemInit                                        build/debug/system_stm32g4xx.o
                                                  build/debug/startup_stm32g431xx.o
TIM1_BRK_TIM15_IRQHandler                         build/debug/startup_stm32g431xx.o
TIM1_CC_IRQHandler                                build/debug/startup_stm32g431xx.o
TIM1_TRG_COM_TIM17_IRQHandler                     build/debug/startup_stm32g431xx.o
TIM1_UP_TIM16_IRQHandler                          build/debug/startup_stm32g431xx.o
TIM2_IRQHandler                                   build/debug/startup_stm32g431xx.o
TIM3_IRQHandler                                   build/debug/startup_stm32g431xx.o
TIM4_IRQHandler                                   build/debug/startup_stm32g431xx.o
TIM6_DAC_IRQHandler                               build/debug/startup_stm32g431xx.o
TIM7_IRQHandler                                   build/debug/startup_stm32g431xx.o
TIM8_BRK_IRQHandler                               build/debug/startup_stm32g431xx.o
TIM8_CC_IRQHandler                                build/debug/startup_stm32g431xx.o
TIM8_TRG_COM_IRQHandler                           build/debug/startup_stm32g431xx.o
TIM8_UP_IRQHandler                                build/debug/startup_stm32g431xx.o
UART4_IRQHandler                                  build/debug/startup_stm32g431xx.o
UCPD1_IRQHandler                                  build/debug/startup_stm32g431xx.o
USART1_IRQHandler                                 build/debug/startup_stm32g431xx.o
USART2_IRQHandler                                 build/debug/startup_stm32g431xx.o
USART3_IRQHandler                                 build/debug/startup_stm32g431xx.o
USBWakeUp_IRQHandler                              build/debug/startup_stm32g431xx.o
USB_HP_IRQHandler                                 build/debug/startup_stm32g431xx.o
USB_LP_IRQHandler                                 build/debug/startup_stm32g431xx.o
UsageFault_Handler                                build/debug/stm32g4xx_it.o
WWDG_IRQHandler                                   build/debug/startup_stm32g431xx.o
_Min_Stack_Size                                   build/debug/sysmem.o
__atexit                                          /home/charlie/.config/Code/User/globalStorage/bmd.stm32-for-vscode/@xpack-dev-tools/arm-none-eabi-gcc/15.2.1-1.1.1/.content/bin/../lib/gcc/arm-none-eabi/15.2.1/../../../../arm-none-eabi/lib/thumb/v7e-m+fp/hard/libc_nano.a(libc_a-__call_atexit.o)
                                                  /home/charlie/.config/Code/User/globalStorage/bmd.stm32-for-vscode/@xpack-dev-tools/arm-none-eabi-gcc/15.2.1-1.1.1/.content/bin/../lib/gcc/arm-none-eabi/15.2.1/../../../../arm-none-eabi/lib/thumb/v7e-m+fp/hard/libc_nano.a(libc_a-__atexit.o)
__atexit0                                         /home/charlie/.config/Code/User/globalStorage/bmd.stm32-for-vscode/@xpack-dev-tools/arm-none-eabi-gcc/15.2.1-1.1.1/.content/bin/../lib/gcc/arm-none-eabi/15.2.1/../../../../arm-none-eabi/lib/thumb/v7e-m+fp/hard/libc_nano.a(libc_a-__atexit.o)
__atexit_dummy                                    /home/charlie/.config/Code/User/globalStorage/bmd.stm32-for-vscode/@xpack-dev-tools/arm-none-eabi-gcc/15.2.1-1.1.1/.content/bin/../lib/gcc/arm-none-eabi/15.2.1/../../../../arm-none-eabi/lib/thumb/v7e-m+fp/hard/libc_nano.a(libc_a-__atexit.o)
__atexit_recursive_mutex                          /home/charlie/.config/Code/User/globalStorage/bmd.stm32-for-vscode/@xpack-dev-tools/arm-none-eabi-gcc/15.2.1-1.1.1/.content/bin/../lib/gcc/arm-none-eabi/15.2.1/../../../../arm-none-eabi/lib/thumb/v7e-m+fp/hard/libc_nano.a(libc_a-__call_atexit.o)
                                                  /home/charlie/.config/Code/User/globalStorage/bmd.stm32-for-vscode/@xpack-dev-tools/arm-none-eabi-gcc/15.2.1-1.1.1/.content/bin/../lib/gcc/arm-none-eabi/15.2.1/../../../../arm-none-eabi/lib/thumb/v7e-m+fp/hard/libc_nano.a(libc_a-__atexit.o)
__bss_end__                                       /home/charlie/.config/Code/User/globalStorage/bmd.stm32-for-vscode/@xpack-dev-tools/arm-none-eabi-gcc/15.2.1-1.1.1/.content/bin/../lib/gcc/arm-none-eabi/15.2.1/../../../../arm-none-eabi/lib/thumb/v7e-m+fp/hard/crt0.o
__bss_start__                                     /home/charlie/.config/Code/User/globalStorage/bmd.stm32-for-vscode/@xpack-dev-tools/arm-none-eabi-gcc/15.2.1-1.1.1/.content/bin/../lib/gcc/arm-none-eabi/15.2.1/../../../../arm-none-eabi/lib/thumb/v7e-m+fp/hard/crt0.o
__call_exitprocs                                  /home/charlie/.config/Code/User/globalStorage/bmd.stm32-for-vscode/@xpack-dev-tools/arm-none-eabi-gcc/15.2.1-1.1.1/.content/bin/../lib/gcc/arm-none-eabi/15.2.1/../../../../arm-none-eabi/lib/thumb/v7e-m+fp/hard/libc_nano.a(libc_a-__call_atexit.o)
                                                  /home/charlie/.config/Code/User/globalStorage/bmd.stm32-for-vscode/@xpack-dev-tools/arm-none-eabi-gcc/15.2.1-1.1.1/.content/bin/../lib/gcc/arm-none-eabi/15.2.1/../../../../arm-none-eabi/lib/thumb/v7e-m+fp/hard/libc_nano.a(libc_a-__atexit.o)
                                                  /home/charlie/.config/Code/User/globalStorage/bmd.stm32-for-vscode/@xpack-dev-tools/arm-none-eabi-gcc/15.2.1-1.1.1/.content/bin/../lib/gcc/arm-none-eabi/15.2.1/../../../../arm-none-eabi/lib/thumb/v7e-m+fp/hard/libc_nano.a(libc_a-exit.o)
__deregister_frame_info                           /home/charlie/.config/Code/User/globalStorage/bmd.stm32-for-vscode/@xpack-dev-tools/arm-none-eabi-gcc/15.2.1-1.1.1/.content/bin/../lib/gcc/arm-none-eabi/15.2.1/thumb/v7e-m+fp/hard/crtbegin.o
__dso_handle                                      /home/charlie/.config/Code/User/globalStorage/bmd.stm32-for-vscode/@xpack-dev-tools/arm-none-eabi-gcc/15.2.1-1.1.1/.content/bin/../lib/gcc/arm-none-eabi/15.2.1/thumb/v7e-m+fp/hard/crtbegin.o
__env                                             build/debug/syscalls.o
__errno                                           /home/charlie/.config/Code/User/globalStorage/bmd.stm32-for-vscode/@xpack-dev-tools/arm-none-eabi-gcc/15.2.1-1.1.1/.content/bin/../lib/gcc/arm-none-eabi/15.2.1/../../../../arm-none-eabi/lib/thumb/v7e-m+fp/hard/libc_nano.a(libc_a-errno.o)
                                                  build/debug/sysmem.o
                                                  build/debug/syscalls.o
__fini_array_end                                  /home/charlie/.config/Code/User/globalStorage/bmd.stm32-for-vscode/@xpack-dev-tools/arm-none-eabi-gcc/15.2.1-1.1.1/.content/bin/../lib/gcc/arm-none-eabi/15.2.1/../../../../arm-none-eabi/lib/thumb/v7e-m+fp/hard/libc_nano.a(libc_a-fini.o)
__fini_array_start                                /home/charlie/.config/Code/User/globalStorage/bmd.stm32-for-vscode/@xpack-dev-tools/arm-none-eabi-gcc/15.2.1-1.1.1/.content/bin/../lib/gcc/arm-none-eabi/15.2.1/../../../../arm-none-eabi/lib/thumb/v7e-m+fp/hard/libc_nano.a(libc_a-fini.o)
__fp_lock_all                                     /home/charlie/.config/Code/User/globalStorage/bmd.stm32-for-vscode/@xpack-dev-tools/arm-none-eabi-gcc/15.2.1-1.1.1/.content/bin/../lib/gcc/arm-none-eabi/15.2.1/../../../../arm-none-eabi/lib/thumb/v7e-m+fp/hard/libc_nano.a(libc_a-findfp.o)
__fp_unlock_all                                   /home/charlie/.config/Code/User/globalStorage/bmd.stm32-for-vscode/@xpack-dev-tools/arm-none-eabi-gcc/15.2.1-1.1.1/.content/bin/../lib/gcc/arm-none-eabi/15.2.1/../../../../arm-none-eabi/lib/thumb/v7e-m+fp/hard/libc_nano.a(libc_a-findfp.o)
__init_array_end                                  /home/charlie/.config/Code/User/globalStorage/bmd.stm32-for-vscode/@xpack-dev-tools/arm-none-eabi-gcc/15.2.1-1.1.1/.content/bin/../lib/gcc/arm-none-eabi/15.2.1/../../../../arm-none-eabi/lib/thumb/v7e-m+fp/hard/libc_nano.a(libc_a-init.o)
__init_array_start                                /home/charlie/.config/Code/User/globalStorage/bmd.stm32-for-vscode/@xpack-dev-tools/arm-none-eabi-gcc/15.2.1-1.1.1/.content/bin/../lib/gcc/arm-none-eabi/15.2.1/../../../../arm-none-eabi/lib/thumb/v7e-m+fp/hard/libc_nano.a(libc_a-init.o)
__io_getchar                                      build/debug/syscalls.o
__io_putchar                                      build/debug/syscalls.o
__libc_fini_array                                 /home/charlie/.config/Code/User/globalStorage/bmd.stm32-for-vscode/@xpack-dev-tools/arm-none-eabi-gcc/15.2.1-1.1.1/.content/bin/../lib/gcc/arm-none-eabi/15.2.1/../../../../arm-none-eabi/lib/thumb/v7e-m+fp/hard/libc_nano.a(libc_a-fini.o)
                                                  /home/charlie/.config/Code/User/globalStorage/bmd.stm32-for-vscode/@xpack-dev-tools/arm-none-eabi-gcc/15.2.1-1.1.1/.content/bin/../lib/gcc/arm-none-eabi/15.2.1/../../../../arm-none-eabi/lib/thumb/v7e-m+fp/hard/crt0.o
__libc_init_array                                 /home/charlie/.config/Code/User/globalStorage/bmd.stm32-for-vscode/@xpack-dev-tools/arm-none-eabi-gcc/15.2.1-1.1.1/.content/bin/../lib/gcc/arm-none-eabi/15.2.1/../../../../arm-none-eabi/lib/thumb/v7e-m+fp/hard/libc_nano.a(libc_a-init.o)
                                                  build/debug/startup_stm32g431xx.o
                                                  /home/charlie/.config/Code/User/globalStorage/bmd.stm32-for-vscode/@xpack-dev-tools/arm-none-eabi-gcc/15.2.1-1.1.1/.content/bin/../lib/gcc/arm-none-eabi/15.2.1/../../../../arm-none-eabi/lib/thumb/v7e-m+fp/hard/crt0.o
__lock___arc4random_mutex                         /home/charlie/.config/Code/User/globalStorage/bmd.stm32-for-vscode/@xpack-dev-tools/arm-none-eabi-gcc/15.2.1-1.1.1/.content/bin/../lib/gcc/arm-none-eabi/15.2.1/../../../../arm-none-eabi/lib/thumb/v7e-m+fp/hard/libc_nano.a(libc_a-lock.o)
__lock___at_quick_exit_mutex                      /home/charlie/.config/Code/User/globalStorage/bmd.stm32-for-vscode/@xpack-dev-tools/arm-none-eabi-gcc/15.2.1-1.1.1/.content/bin/../lib/gcc/arm-none-eabi/15.2.1/../../../../arm-none-eabi/lib/thumb/v7e-m+fp/hard/libc_nano.a(libc_a-lock.o)
__lock___atexit_recursive_mutex                   /home/charlie/.config/Code/User/globalStorage/bmd.stm32-for-vscode/@xpack-dev-tools/arm-none-eabi-gcc/15.2.1-1.1.1/.content/bin/../lib/gcc/arm-none-eabi/15.2.1/../../../../arm-none-eabi/lib/thumb/v7e-m+fp/hard/libc_nano.a(libc_a-lock.o)
                                                  /home/charlie/.config/Code/User/globalStorage/bmd.stm32-for-vscode/@xpack-dev-tools/arm-none-eabi-gcc/15.2.1-1.1.1/.content/bin/../lib/gcc/arm-none-eabi/15.2.1/../../../../arm-none-eabi/lib/thumb/v7e-m+fp/hard/libc_nano.a(libc_a-__call_atexit.o)
__lock___dd_hash_mutex                            /home/charlie/.config/Code/User/globalStorage/bmd.stm32-for-vscode/@xpack-dev-tools/arm-none-eabi-gcc/15.2.1-1.1.1/.content/bin/../lib/gcc/arm-none-eabi/15.2.1/../../../../arm-none-eabi/lib/thumb/v7e-m+fp/hard/libc_nano.a(libc_a-lock.o)
__lock___env_recursive_mutex                      /home/charlie/.config/Code/User/globalStorage/bmd.stm32-for-vscode/@xpack-dev-tools/arm-none-eabi-gcc/15.2.1-1.1.1/.content/bin/../lib/gcc/arm-none-eabi/15.2.1/../../../../arm-none-eabi/lib/thumb/v7e-m+fp/hard/libc_nano.a(libc_a-lock.o)
__lock___malloc_recursive_mutex                   /home/charlie/.config/Code/User/globalStorage/bmd.stm32-for-vscode/@xpack-dev-tools/arm-none-eabi-gcc/15.2.1-1.1.1/.content/bin/../lib/gcc/arm-none-eabi/15.2.1/../../../../arm-none-eabi/lib/thumb/v7e-m+fp/hard/libc_nano.a(libc_a-lock.o)
                                                  /home/charlie/.config/Code/User/globalStorage/bmd.stm32-for-vscode/@xpack-dev-tools/arm-none-eabi-gcc/15.2.1-1.1.1/.content/bin/../lib/gcc/arm-none-eabi/15.2.1/../../../../arm-none-eabi/lib/thumb/v7e-m+fp/hard/libc_nano.a(libc_a-mlock.o)
__lock___sfp_recursive_mutex                      /home/charlie/.config/Code/User/globalStorage/bmd.stm32-for-vscode/@xpack-dev-tools/arm-none-eabi-gcc/15.2.1-1.1.1/.content/bin/../lib/gcc/arm-none-eabi/15.2.1/../../../../arm-none-eabi/lib/thumb/v7e-m+fp/hard/libc_nano.a(libc_a-lock.o)
                                                  /home/charlie/.config/Code/User/globalStorage/bmd.stm32-for-vscode/@xpack-dev-tools/arm-none-eabi-gcc/15.2.1-1.1.1/.content/bin/../lib/gcc/arm-none-eabi/15.2.1/../../../../arm-none-eabi/lib/thumb/v7e-m+fp/hard/libc_nano.a(libc_a-findfp.o)
__lock___tz_mutex                                 /home/charlie/.config/Code/User/globalStorage/bmd.stm32-for-vscode/@xpack-dev-tools/arm-none-eabi-gcc/15.2.1-1.1.1/.content/bin/../lib/gcc/arm-none-eabi/15.2.1/../../../../arm-none-eabi/lib/thumb/v7e-m+fp/hard/libc_nano.a(libc_a-lock.o)
__malloc_free_list                                /home/charlie/.config/Code/User/globalStorage/bmd.stm32-for-vscode/@xpack-dev-tools/arm-none-eabi-gcc/15.2.1-1.1.1/.content/bin/../lib/gcc/arm-none-eabi/15.2.1/../../../../arm-none-eabi/lib/thumb/v7e-m+fp/hard/libc_nano.a(libc_a-mallocr.o)
                                                  /home/charlie/.config/Code/User/globalStorage/bmd.stm32-for-vscode/@xpack-dev-tools/arm-none-eabi-gcc/15.2.1-1.1.1/.content/bin/../lib/gcc/arm-none-eabi/15.2.1/../../../../arm-none-eabi/lib/thumb/v7e-m+fp/hard/libc_nano.a(libc_a-freer.o)
__malloc_lock                                     /home/charlie/.config/Code/User/globalStorage/bmd.stm32-for-vscode/@xpack-dev-tools/arm-none-eabi-gcc/15.2.1-1.1.1/.content/bin/../lib/gcc/arm-none-eabi/15.2.1/../../../../arm-none-eabi/lib/thumb/v7e-m+fp/hard/libc_nano.a(libc_a-mlock.o)
                                                  /home/charlie/.config/Code/User/globalStorage/bmd.stm32-for-vscode/@xpack-dev-tools/arm-none-eabi-gcc/15.2.1-1.1.1/.content/bin/../lib/gcc/arm-none-eabi/15.2.1/../../../../arm-none-eabi/lib/thumb/v7e-m+fp/hard/libc_nano.a(libc_a-mallocr.o)
                                                  /home/charlie/.config/Code/User/globalStorage/bmd.stm32-for-vscode/@xpack-dev-tools/arm-none-eabi-gcc/15.2.1-1.1.1/.content/bin/../lib/gcc/arm-none-eabi/15.2.1/../../../../arm-none-eabi/lib/thumb/v7e-m+fp/hard/libc_nano.a(libc_a-freer.o)
__malloc_sbrk_start                               /home/charlie/.config/Code/User/globalStorage/bmd.stm32-for-vscode/@xpack-dev-tools/arm-none-eabi-gcc/15.2.1-1.1.1/.content/bin/../lib/gcc/arm-none-eabi/15.2.1/../../../../arm-none-eabi/lib/thumb/v7e-m+fp/hard/libc_nano.a(libc_a-mallocr.o)
__malloc_unlock                                   /home/charlie/.config/Code/User/globalStorage/bmd.stm32-for-vscode/@xpack-dev-tools/arm-none-eabi-gcc/15.2.1-1.1.1/.content/bin/../lib/gcc/arm-none-eabi/15.2.1/../../../../arm-none-eabi/lib/thumb/v7e-m+fp/hard/libc_nano.a(libc_a-mlock.o)
                                                  /home/charlie/.config/Code/User/globalStorage/bmd.stm32-for-vscode/@xpack-dev-tools/arm-none-eabi-gcc/15.2.1-1.1.1/.content/bin/../lib/gcc/arm-none-eabi/15.2.1/../../../../arm-none-eabi/lib/thumb/v7e-m+fp/hard/libc_nano.a(libc_a-mallocr.o)
                                                  /home/charlie/.config/Code/User/globalStorage/bmd.stm32-for-vscode/@xpack-dev-tools/arm-none-eabi-gcc/15.2.1-1.1.1/.content/bin/../lib/gcc/arm-none-eabi/15.2.1/../../../../arm-none-eabi/lib/thumb/v7e-m+fp/hard/libc_nano.a(libc_a-freer.o)
__on_exit_args                                    /home/charlie/.config/Code/User/globalStorage/bmd.stm32-for-vscode/@xpack-dev-tools/arm-none-eabi-gcc/15.2.1-1.1.1/.content/bin/../lib/gcc/arm-none-eabi/15.2.1/../../../../arm-none-eabi/lib/thumb/v7e-m+fp/hard/libc_nano.a(libc_a-__atexit.o)
__preinit_array_end                               /home/charlie/.config/Code/User/globalStorage/bmd.stm32-for-vscode/@xpack-dev-tools/arm-none-eabi-gcc/15.2.1-1.1.1/.content/bin/../lib/gcc/arm-none-eabi/15.2.1/../../../../arm-none-eabi/lib/thumb/v7e-m+fp/hard/libc_nano.a(libc_a-init.o)
__preinit_array_start                             /home/charlie/.config/Code/User/globalStorage/bmd.stm32-for-vscode/@xpack-dev-tools/arm-none-eabi-gcc/15.2.1-1.1.1/.content/bin/../lib/gcc/arm-none-eabi/15.2.1/../../../../arm-none-eabi/lib/thumb/v7e-m+fp/hard/libc_nano.a(libc_a-init.o)
__register_exitproc                               /home/charlie/.config/Code/User/globalStorage/bmd.stm32-for-vscode/@xpack-dev-tools/arm-none-eabi-gcc/15.2.1-1.1.1/.content/bin/../lib/gcc/arm-none-eabi/15.2.1/../../../../arm-none-eabi/lib/thumb/v7e-m+fp/hard/libc_nano.a(libc_a-__atexit.o)
                                                  /home/charlie/.config/Code/User/globalStorage/bmd.stm32-for-vscode/@xpack-dev-tools/arm-none-eabi-gcc/15.2.1-1.1.1/.content/bin/../lib/gcc/arm-none-eabi/15.2.1/../../../../arm-none-eabi/lib/thumb/v7e-m+fp/hard/libc_nano.a(libc_a-atexit.o)
__register_frame_info                             /home/charlie/.config/Code/User/globalStorage/bmd.stm32-for-vscode/@xpack-dev-tools/arm-none-eabi-gcc/15.2.1-1.1.1/.content/bin/../lib/gcc/arm-none-eabi/15.2.1/thumb/v7e-m+fp/hard/crtbegin.o
__retarget_lock_acquire                           /home/charlie/.config/Code/User/globalStorage/bmd.stm32-for-vscode/@xpack-dev-tools/arm-none-eabi-gcc/15.2.1-1.1.1/.content/bin/../lib/gcc/arm-none-eabi/15.2.1/../../../../arm-none-eabi/lib/thumb/v7e-m+fp/hard/libc_nano.a(libc_a-lock.o)
__retarget_lock_acquire_recursive                 /home/charlie/.config/Code/User/globalStorage/bmd.stm32-for-vscode/@xpack-dev-tools/arm-none-eabi-gcc/15.2.1-1.1.1/.content/bin/../lib/gcc/arm-none-eabi/15.2.1/../../../../arm-none-eabi/lib/thumb/v7e-m+fp/hard/libc_nano.a(libc_a-lock.o)
                                                  /home/charlie/.config/Code/User/globalStorage/bmd.stm32-for-vscode/@xpack-dev-tools/arm-none-eabi-gcc/15.2.1-1.1.1/.content/bin/../lib/gcc/arm-none-eabi/15.2.1/../../../../arm-none-eabi/lib/thumb/v7e-m+fp/hard/libc_nano.a(libc_a-fflush.o)
                                                  /home/charlie/.config/Code/User/globalStorage/bmd.stm32-for-vscode/@xpack-dev-tools/arm-none-eabi-gcc/15.2.1-1.1.1/.content/bin/../lib/gcc/arm-none-eabi/15.2.1/../../../../arm-none-eabi/lib/thumb/v7e-m+fp/hard/libc_nano.a(libc_a-mlock.o)
                                                  /home/charlie/.config/Code/User/globalStorage/bmd.stm32-for-vscode/@xpack-dev-tools/arm-none-eabi-gcc/15.2.1-1.1.1/.content/bin/../lib/gcc/arm-none-eabi/15.2.1/../../../../arm-none-eabi/lib/thumb/v7e-m+fp/hard/libc_nano.a(libc_a-__call_atexit.o)
                                                  /home/charlie/.config/Code/User/globalStorage/bmd.stm32-for-vscode/@xpack-dev-tools/arm-none-eabi-gcc/15.2.1-1.1.1/.content/bin/../lib/gcc/arm-none-eabi/15.2.1/../../../../arm-none-eabi/lib/thumb/v7e-m+fp/hard/libc_nano.a(libc_a-__atexit.o)
                                                  /home/charlie/.config/Code/User/globalStorage/bmd.stm32-for-vscode/@xpack-dev-tools/arm-none-eabi-gcc/15.2.1-1.1.1/.content/bin/../lib/gcc/arm-none-eabi/15.2.1/../../../../arm-none-eabi/lib/thumb/v7e-m+fp/hard/libc_nano.a(libc_a-findfp.o)
__retarget_lock_close                             /home/charlie/.config/Code/User/globalStorage/bmd.stm32-for-vscode/@xpack-dev-tools/arm-none-eabi-gcc/15.2.1-1.1.1/.content/bin/../lib/gcc/arm-none-eabi/15.2.1/../../../../arm-none-eabi/lib/thumb/v7e-m+fp/hard/libc_nano.a(libc_a-lock.o)
__retarget_lock_close_recursive                   /home/charlie/.config/Code/User/globalStorage/bmd.stm32-for-vscode/@xpack-dev-tools/arm-none-eabi-gcc/15.2.1-1.1.1/.content/bin/../lib/gcc/arm-none-eabi/15.2.1/../../../../arm-none-eabi/lib/thumb/v7e-m+fp/hard/libc_nano.a(libc_a-lock.o)
__retarget_lock_init                              /home/charlie/.config/Code/User/globalStorage/bmd.stm32-for-vscode/@xpack-dev-tools/arm-none-eabi-gcc/15.2.1-1.1.1/.content/bin/../lib/gcc/arm-none-eabi/15.2.1/../../../../arm-none-eabi/lib/thumb/v7e-m+fp/hard/libc_nano.a(libc_a-lock.o)
__retarget_lock_init_recursive                    /home/charlie/.config/Code/User/globalStorage/bmd.stm32-for-vscode/@xpack-dev-tools/arm-none-eabi-gcc/15.2.1-1.1.1/.content/bin/../lib/gcc/arm-none-eabi/15.2.1/../../../../arm-none-eabi/lib/thumb/v7e-m+fp/hard/libc_nano.a(libc_a-lock.o)
                                                  /home/charlie/.config/Code/User/globalStorage/bmd.stm32-for-vscode/@xpack-dev-tools/arm-none-eabi-gcc/15.2.1-1.1.1/.content/bin/../lib/gcc/arm-none-eabi/15.2.1/../../../../arm-none-eabi/lib/thumb/v7e-m+fp/hard/libc_nano.a(libc_a-findfp.o)
__retarget_lock_release                           /home/charlie/.config/Code/User/globalStorage/bmd.stm32-for-vscode/@xpack-dev-tools/arm-none-eabi-gcc/15.2.1-1.1.1/.content/bin/../lib/gcc/arm-none-eabi/15.2.1/../../../../arm-none-eabi/lib/thumb/v7e-m+fp/hard/libc_nano.a(libc_a-lock.o)
__retarget_lock_release_recursive                 /home/charlie/.config/Code/User/globalStorage/bmd.stm32-for-vscode/@xpack-dev-tools/arm-none-eabi-gcc/15.2.1-1.1.1/.content/bin/../lib/gcc/arm-none-eabi/15.2.1/../../../../arm-none-eabi/lib/thumb/v7e-m+fp/hard/libc_nano.a(libc_a-lock.o)
                                                  /home/charlie/.config/Code/User/globalStorage/bmd.stm32-for-vscode/@xpack-dev-tools/arm-none-eabi-gcc/15.2.1-1.1.1/.content/bin/../lib/gcc/arm-none-eabi/15.2.1/../../../../arm-none-eabi/lib/thumb/v7e-m+fp/hard/libc_nano.a(libc_a-fflush.o)
                                                  /home/charlie/.config/Code/User/globalStorage/bmd.stm32-for-vscode/@xpack-dev-tools/arm-none-eabi-gcc/15.2.1-1.1.1/.content/bin/../lib/gcc/arm-none-eabi/15.2.1/../../../../arm-none-eabi/lib/thumb/v7e-m+fp/hard/libc_nano.a(libc_a-mlock.o)
                                                  /home/charlie/.config/Code/User/globalStorage/bmd.stm32-for-vscode/@xpack-dev-tools/arm-none-eabi-gcc/15.2.1-1.1.1/.content/bin/../lib/gcc/arm-none-eabi/15.2.1/../../../../arm-none-eabi/lib/thumb/v7e-m+fp/hard/libc_nano.a(libc_a-__call_atexit.o)
                                                  /home/charlie/.config/Code/User/globalStorage/bmd.stm32-for-vscode/@xpack-dev-tools/arm-none-eabi-gcc/15.2.1-1.1.1/.content/bin/../lib/gcc/arm-none-eabi/15.2.1/../../../../arm-none-eabi/lib/thumb/v7e-m+fp/hard/libc_nano.a(libc_a-__atexit.o)
                                                  /home/charlie/.config/Code/User/globalStorage/bmd.stm32-for-vscode/@xpack-dev-tools/arm-none-eabi-gcc/15.2.1-1.1.1/.content/bin/../lib/gcc/arm-none-eabi/15.2.1/../../../../arm-none-eabi/lib/thumb/v7e-m+fp/hard/libc_nano.a(libc_a-findfp.o)
__retarget_lock_try_acquire                       /home/charlie/.config/Code/User/globalStorage/bmd.stm32-for-vscode/@xpack-dev-tools/arm-none-eabi-gcc/15.2.1-1.1.1/.content/bin/../lib/gcc/arm-none-eabi/15.2.1/../../../../arm-none-eabi/lib/thumb/v7e-m+fp/hard/libc_nano.a(libc_a-lock.o)
__retarget_lock_try_acquire_recursive             /home/charlie/.config/Code/User/globalStorage/bmd.stm32-for-vscode/@xpack-dev-tools/arm-none-eabi-gcc/15.2.1-1.1.1/.content/bin/../lib/gcc/arm-none-eabi/15.2.1/../../../../arm-none-eabi/lib/thumb/v7e-m+fp/hard/libc_nano.a(libc_a-lock.o)
__sclose                                          /home/charlie/.config/Code/User/globalStorage/bmd.stm32-for-vscode/@xpack-dev-tools/arm-none-eabi-gcc/15.2.1-1.1.1/.content/bin/../lib/gcc/arm-none-eabi/15.2.1/../../../../arm-none-eabi/lib/thumb/v7e-m+fp/hard/libc_nano.a(libc_a-stdio.o)
                                                  /home/charlie/.config/Code/User/globalStorage/bmd.stm32-for-vscode/@xpack-dev-tools/arm-none-eabi-gcc/15.2.1-1.1.1/.content/bin/../lib/gcc/arm-none-eabi/15.2.1/../../../../arm-none-eabi/lib/thumb/v7e-m+fp/hard/libc_nano.a(libc_a-findfp.o)
__seofread                                        /home/charlie/.config/Code/User/globalStorage/bmd.stm32-for-vscode/@xpack-dev-tools/arm-none-eabi-gcc/15.2.1-1.1.1/.content/bin/../lib/gcc/arm-none-eabi/15.2.1/../../../../arm-none-eabi/lib/thumb/v7e-m+fp/hard/libc_nano.a(libc_a-stdio.o)
__sf                                              /home/charlie/.config/Code/User/globalStorage/bmd.stm32-for-vscode/@xpack-dev-tools/arm-none-eabi-gcc/15.2.1-1.1.1/.content/bin/../lib/gcc/arm-none-eabi/15.2.1/../../../../arm-none-eabi/lib/thumb/v7e-m+fp/hard/libc_nano.a(libc_a-findfp.o)
                                                  /home/charlie/.config/Code/User/globalStorage/bmd.stm32-for-vscode/@xpack-dev-tools/arm-none-eabi-gcc/15.2.1-1.1.1/.content/bin/../lib/gcc/arm-none-eabi/15.2.1/../../../../arm-none-eabi/lib/thumb/v7e-m+fp/hard/libc_nano.a(libc_a-impure.o)
__sflush_r                                        /home/charlie/.config/Code/User/globalStorage/bmd.stm32-for-vscode/@xpack-dev-tools/arm-none-eabi-gcc/15.2.1-1.1.1/.content/bin/../lib/gcc/arm-none-eabi/15.2.1/../../../../arm-none-eabi/lib/thumb/v7e-m+fp/hard/libc_nano.a(libc_a-fflush.o)
__sfp                                             /home/charlie/.config/Code/User/globalStorage/bmd.stm32-for-vscode/@xpack-dev-tools/arm-none-eabi-gcc/15.2.1-1.1.1/.content/bin/../lib/gcc/arm-none-eabi/15.2.1/../../../../arm-none-eabi/lib/thumb/v7e-m+fp/hard/libc_nano.a(libc_a-findfp.o)
__sfp_lock_acquire                                /home/charlie/.config/Code/User/globalStorage/bmd.stm32-for-vscode/@xpack-dev-tools/arm-none-eabi-gcc/15.2.1-1.1.1/.content/bin/../lib/gcc/arm-none-eabi/15.2.1/../../../../arm-none-eabi/lib/thumb/v7e-m+fp/hard/libc_nano.a(libc_a-findfp.o)
__sfp_lock_release                                /home/charlie/.config/Code/User/globalStorage/bmd.stm32-for-vscode/@xpack-dev-tools/arm-none-eabi-gcc/15.2.1-1.1.1/.content/bin/../lib/gcc/arm-none-eabi/15.2.1/../../../../arm-none-eabi/lib/thumb/v7e-m+fp/hard/libc_nano.a(libc_a-findfp.o)
__sglue                                           /home/charlie/.config/Code/User/globalStorage/bmd.stm32-for-vscode/@xpack-dev-tools/arm-none-eabi-gcc/15.2.1-1.1.1/.content/bin/../lib/gcc/arm-none-eabi/15.2.1/../../../../arm-none-eabi/lib/thumb/v7e-m+fp/hard/libc_nano.a(libc_a-findfp.o)
                                                  /home/charlie/.config/Code/User/globalStorage/bmd.stm32-for-vscode/@xpack-dev-tools/arm-none-eabi-gcc/15.2.1-1.1.1/.content/bin/../lib/gcc/arm-none-eabi/15.2.1/../../../../arm-none-eabi/lib/thumb/v7e-m+fp/hard/libc_nano.a(libc_a-fflush.o)
__sinit                                           /home/charlie/.config/Code/User/globalStorage/bmd.stm32-for-vscode/@xpack-dev-tools/arm-none-eabi-gcc/15.2.1-1.1.1/.content/bin/../lib/gcc/arm-none-eabi/15.2.1/../../../../arm-none-eabi/lib/thumb/v7e-m+fp/hard/libc_nano.a(libc_a-findfp.o)
                                                  /home/charlie/.config/Code/User/globalStorage/bmd.stm32-for-vscode/@xpack-dev-tools/arm-none-eabi-gcc/15.2.1-1.1.1/.content/bin/../lib/gcc/arm-none-eabi/15.2.1/../../../../arm-none-eabi/lib/thumb/v7e-m+fp/hard/libc_nano.a(libc_a-fflush.o)
__sread                                           /home/charlie/.config/Code/User/globalStorage/bmd.stm32-for-vscode/@xpack-dev-tools/arm-none-eabi-gcc/15.2.1-1.1.1/.content/bin/../lib/gcc/arm-none-eabi/15.2.1/../../../../arm-none-eabi/lib/thumb/v7e-m+fp/hard/libc_nano.a(libc_a-stdio.o)
                                                  /home/charlie/.config/Code/User/globalStorage/bmd.stm32-for-vscode/@xpack-dev-tools/arm-none-eabi-gcc/15.2.1-1.1.1/.content/bin/../lib/gcc/arm-none-eabi/15.2.1/../../../../arm-none-eabi/lib/thumb/v7e-m+fp/hard/libc_nano.a(libc_a-findfp.o)
__sseek                                           /home/charlie/.config/Code/User/globalStorage/bmd.stm32-for-vscode/@xpack-dev-tools/arm-none-eabi-gcc/15.2.1-1.1.1/.content/bin/../lib/gcc/arm-none-eabi/15.2.1/../../../../arm-none-eabi/lib/thumb/v7e-m+fp/hard/libc_nano.a(libc_a-stdio.o)
                                                  /home/charlie/.config/Code/User/globalStorage/bmd.stm32-for-vscode/@xpack-dev-tools/arm-none-eabi-gcc/15.2.1-1.1.1/.content/bin/../lib/gcc/arm-none-eabi/15.2.1/../../../../arm-none-eabi/lib/thumb/v7e-m+fp/hard/libc_nano.a(libc_a-findfp.o)
__stack                                           /home/charlie/.config/Code/User/globalStorage/bmd.stm32-for-vscode/@xpack-dev-tools/arm-none-eabi-gcc/15.2.1-1.1.1/.content/bin/../lib/gcc/arm-none-eabi/15.2.1/../../../../arm-none-eabi/lib/thumb/v7e-m+fp/hard/crt0.o
__stdio_exit_handler                              /home/charlie/.config/Code/User/globalStorage/bmd.stm32-for-vscode/@xpack-dev-tools/arm-none-eabi-gcc/15.2.1-1.1.1/.content/bin/../lib/gcc/arm-none-eabi/15.2.1/../../../../arm-none-eabi/lib/thumb/v7e-m+fp/hard/libc_nano.a(libc_a-findfp.o)
                                                  /home/charlie/.config/Code/User/globalStorage/bmd.stm32-for-vscode/@xpack-dev-tools/arm-none-eabi-gcc/15.2.1-1.1.1/.content/bin/../lib/gcc/arm-none-eabi/15.2.1/../../../../arm-none-eabi/lib/thumb/v7e-m+fp/hard/libc_nano.a(libc_a-exit.o)
__swrite                                          /home/charlie/.config/Code/User/globalStorage/bmd.stm32-for-vscode/@xpack-dev-tools/arm-none-eabi-gcc/15.2.1-1.1.1/.content/bin/../lib/gcc/arm-none-eabi/15.2.1/../../../../arm-none-eabi/lib/thumb/v7e-m+fp/hard/libc_nano.a(libc_a-stdio.o)
                                                  /home/charlie/.config/Code/User/globalStorage/bmd.stm32-for-vscode/@xpack-dev-tools/arm-none-eabi-gcc/15.2.1-1.1.1/.content/bin/../lib/gcc/arm-none-eabi/15.2.1/../../../../arm-none-eabi/lib/thumb/v7e-m+fp/hard/libc_nano.a(libc_a-findfp.o)
_close                                            build/debug/syscalls.o
                                                  /home/charlie/.config/Code/User/globalStorage/bmd.stm32-for-vscode/@xpack-dev-tools/arm-none-eabi-gcc/15.2.1-1.1.1/.content/bin/../lib/gcc/arm-none-eabi/15.2.1/../../../../arm-none-eabi/lib/thumb/v7e-m+fp/hard/libc_nano.a(libc_a-closer.o)
_close_r                                          /home/charlie/.config/Code/User/globalStorage/bmd.stm32-for-vscode/@xpack-dev-tools/arm-none-eabi-gcc/15.2.1-1.1.1/.content/bin/../lib/gcc/arm-none-eabi/15.2.1/../../../../arm-none-eabi/lib/thumb/v7e-m+fp/hard/libc_nano.a(libc_a-closer.o)
                                                  /home/charlie/.config/Code/User/globalStorage/bmd.stm32-for-vscode/@xpack-dev-tools/arm-none-eabi-gcc/15.2.1-1.1.1/.content/bin/../lib/gcc/arm-none-eabi/15.2.1/../../../../arm-none-eabi/lib/thumb/v7e-m+fp/hard/libc_nano.a(libc_a-stdio.o)
_ebss                                             build/debug/startup_stm32g431xx.o
_edata                                            build/debug/startup_stm32g431xx.o
_end                                              build/debug/sysmem.o
_estack                                           build/debug/startup_stm32g431xx.o
                                                  build/debug/sysmem.o
_execve                                           build/debug/syscalls.o
_exit                                             build/debug/syscalls.o
                                                  /home/charlie/.config/Code/User/globalStorage/bmd.stm32-for-vscode/@xpack-dev-tools/arm-none-eabi-gcc/15.2.1-1.1.1/.content/bin/../lib/gcc/arm-none-eabi/15.2.1/../../../../arm-none-eabi/lib/thumb/v7e-m+fp/hard/libc_nano.a(libc_a-exit.o)
_fflush_r                                         /home/charlie/.config/Code/User/globalStorage/bmd.stm32-for-vscode/@xpack-dev-tools/arm-none-eabi-gcc/15.2.1-1.1.1/.content/bin/../lib/gcc/arm-none-eabi/15.2.1/../../../../arm-none-eabi/lib/thumb/v7e-m+fp/hard/libc_nano.a(libc_a-fflush.o)
                                                  /home/charlie/.config/Code/User/globalStorage/bmd.stm32-for-vscode/@xpack-dev-tools/arm-none-eabi-gcc/15.2.1-1.1.1/.content/bin/../lib/gcc/arm-none-eabi/15.2.1/../../../../arm-none-eabi/lib/thumb/v7e-m+fp/hard/libc_nano.a(libc_a-findfp.o)
_fini                                             /home/charlie/.config/Code/User/globalStorage/bmd.stm32-for-vscode/@xpack-dev-tools/arm-none-eabi-gcc/15.2.1-1.1.1/.content/bin/../lib/gcc/arm-none-eabi/15.2.1/thumb/v7e-m+fp/hard/crti.o
                                                  /home/charlie/.config/Code/User/globalStorage/bmd.stm32-for-vscode/@xpack-dev-tools/arm-none-eabi-gcc/15.2.1-1.1.1/.content/bin/../lib/gcc/arm-none-eabi/15.2.1/../../../../arm-none-eabi/lib/thumb/v7e-m+fp/hard/libc_nano.a(libc_a-fini.o)
_fork                                             build/debug/syscalls.o
_free_r                                           /home/charlie/.config/Code/User/globalStorage/bmd.stm32-for-vscode/@xpack-dev-tools/arm-none-eabi-gcc/15.2.1-1.1.1/.content/bin/../lib/gcc/arm-none-eabi/15.2.1/../../../../arm-none-eabi/lib/thumb/v7e-m+fp/hard/libc_nano.a(libc_a-freer.o)